Microchip MPLAB XC8 Compiler V1.30 ()

Linker command line:

--edf=C:\Program Files (x86)\Microchip\xc8\v1.30\dat\en_msgs.txt -cs \
  -h+dist/XC8_18F45k80/production\MOTOR_SAM.X.production.sym \
  --cmf=dist/XC8_18F45k80/production\MOTOR_SAM.X.production.cmf -z \
  -Q18F45K80 -oC:\Users\Bruno\AppData\Local\Temp\s5i4.6 \
  -Mdist/XC8_18F45k80/production/MOTOR_SAM.X.production.map -E1 -ver=XC8 \
  -ASTACK=0290h-09ffh -pstack=STACK -ACODE=00h-07FFFh -ACONST=00h-07FFFh \
  -ASMALLCONST=0F00h-0FFFhx113 -AMEDIUMCONST=0F00h-07FFFh -ACOMRAM=01h-05Fh \
  -AABS1=00h-0E40h -ABIGRAM=01h-0E40h \
  -ARAM=060h-0FFh,0100h-01FFhx13,0E00h-0E40h -ABANK0=060h-0FFh \
  -ABANK1=0100h-01FFh -ABANK2=0200h-02FFh -ABANK3=0300h-03FFh \
  -ABANK4=0400h-04FFh -ABANK5=0500h-05FFh -ABANK6=0600h-06FFh \
  -ABANK7=0700h-07FFh -ABANK8=0800h-08FFh -ABANK9=0900h-09FFh \
  -ABANK10=0A00h-0AFFh -ABANK11=0B00h-0BFFh -ABANK12=0C00h-0CFFh \
  -ABANK13=0D00h-0DFFh -ABANK14=0E00h-0E40h \
  -ASFR=0E41h-0EFFh,0F00h-0F5Fh,0F60h-0FFFh \
  -preset_vec=00h,intcode=08h,intcodelo=018h,powerup,init,end_init \
  -pramtop=0F00h -psmallconst=SMALLCONST -pmediumconst=MEDIUMCONST \
  -pconst=CONST -AFARRAM=00h-00h -ACONFIG=0300000h-030000Dh -pconfig=CONFIG \
  -AIDLOC=0200000h-0200007h -pidloc=IDLOC -AEEDATA=0F00000h-0F003FFh \
  -peeprom_data=EEDATA \
  -prdata=COMRAM,nvrram=COMRAM,nvbit=COMRAM,rbss=COMRAM,rbit=COMRAM \
  -pfarbss=FARRAM,fardata=FARRAM,nvFARRAM=FARRAM \
  -pintsave_regs=BIGRAM,bigbss=BIGRAM,bigdata=BIGRAM -pbss=RAM \
  -pidata=CODE,irdata=CODE,ibigdata=CODE,ifardata=CODE \
  C:\Users\Bruno\AppData\Local\Temp\s5i4.obj \
  dist/XC8_18F45k80/production\MOTOR_SAM.X.production.obj 

Object code version is 3.11

Machine type is 18F45K80

Call graph: (short form)




                Name                               Link     Load   Length Selector   Space Scale
C:\Users\Bruno\AppData\Local\Temp\s5i4.obj
                end_init                            122      122        4        C       0
                reset_vec                             0        0        4        0       0
                idloc                            200000   200000        8   200000       0
                config                           300000   300000        E   300000       0
dist/XC8_18F45k80/production\MOTOR_SAM.X.production.obj
                intcodelo                            18       18      10A        C       0
                intcode                               8        8        C        4       0
                text22                              898      898      174        C       0
                text21                              A0C      A0C      166        C       0
                text20                             1000     1000       7E        C       0
                intcode_body                        DF0      DF0       C6        C       0
                text17                             115E     115E       42        C       0
                text16                             111C     111C       42        C       0
                text15                             10CE     10CE       4E        C       0
                text14                             11E0     11E0       40        C       0
                text13                             107E     107E       50        C       0
                text12                             1276     1276        E        C       0
                text11                             11A0     11A0       40        C       0
                text10                              EB6      EB6       B6        C       0
                text9                              1256     1256       20        C       0
                text8                               D2A      D2A       C6        C       0
                text7                               4E0      4E0      1E0        C       0
                text6                               6C0      6C0      1D8        C       0
                text5                               C4E      C4E       DC        C       0
                text4                               B72      B72       DC        C       0
                text3                              1284     1284        6        C       0
                text2                               F6C      F6C       94        C       0
                text1                              128A     128A        4        C       0
                text0                               126      126      3BA        C       0
                cstackCOMRAM                          1        1       38        1       1
                cstackBANK0                          60       60       5E       60       1
                bssBANK2                            200      200       90      200       1
                bssBANK1                            100      100       90      100       1
                bssBANK0                             BE       BE        C       60       1
                bssCOMRAM                            39       39       11        1       1
                cinit                              1220     1220       36        C       0

TOTAL           Name                               Link     Load   Length     Space
        CLASS   STACK          

        CLASS   CODE           
                end_init                            122      122        4         0
                intcodelo                            18       18      10A         0
                intcode                               8        8        C         0
                reset_vec                             0        0        4         0
                text22                              898      898      174         0
                text21                              A0C      A0C      166         0
                text20                             1000     1000       7E         0
                intcode_body                        DF0      DF0       C6         0
                text17                             115E     115E       42         0
                text16                             111C     111C       42         0
                text15                             10CE     10CE       4E         0
                text14                             11E0     11E0       40         0
                text13                             107E     107E       50         0
                text12                             1276     1276        E         0
                text11                             11A0     11A0       40         0
                text10                              EB6      EB6       B6         0
                text9                              1256     1256       20         0
                text8                               D2A      D2A       C6         0
                text7                               4E0      4E0      1E0         0
                text6                               6C0      6C0      1D8         0
                text5                               C4E      C4E       DC         0
                text4                               B72      B72       DC         0
                text3                              1284     1284        6         0
                text2                               F6C      F6C       94         0
                text1                              128A     128A        4         0
                text0                               126      126      3BA         0
                cinit                              1220     1220       36         0

        CLASS   CONST          

        CLASS   SMALLCONST     

        CLASS   MEDIUMCONST    

        CLASS   COMRAM         
                cstackCOMRAM                          1        1       38         1
                bssCOMRAM                            39       39       11         1

        CLASS   ABS1           

        CLASS   BIGRAM         

        CLASS   RAM            

        CLASS   BANK0          
                cstackBANK0                          60       60       5E         1
                bssBANK0                             BE       BE        C         1

        CLASS   BANK1          
                bssBANK1                            100      100       90         1

        CLASS   BANK2          
                bssBANK2                            200      200       90         1

        CLASS   BANK3          

        CLASS   BANK4          

        CLASS   BANK5          

        CLASS   BANK6          

        CLASS   BANK7          

        CLASS   BANK8          

        CLASS   BANK9          

        CLASS   BANK10         

        CLASS   BANK11         

        CLASS   BANK12         

        CLASS   BANK13         

        CLASS   BANK14         

        CLASS   SFR            

        CLASS   FARRAM         

        CLASS   CONFIG         
                config                           300000   300000        E         0

        CLASS   IDLOC          
                idloc                            200000   200000        8         0

        CLASS   EEDATA         



SEGMENTS        Name                           Load    Length   Top    Selector   Space  Class

                reset_vec                      000000  000004  000004         0       0  CODE    
                cstackCOMRAM                   000001  000049  00004A         1       1  COMRAM  
                intcode                        000008  00000C  000014         4       0  CODE    
                intcodelo                      000018  001276  00128E         C       0  CODE    
                cstackBANK0                    000060  00006A  0000CA        60       1  BANK0   
                bssBANK1                       000100  000090  000190       100       1  BANK1   
                bssBANK2                       000200  000090  000290       200       1  BANK2   
                idloc                          200000  000008  200008    200000       0  IDLOC   
                config                         300000  00000E  30000E    300000       0  CONFIG  


UNUSED ADDRESS RANGES

        Name                Unused          Largest block    Delta
        BANK0            0000CA-0000FF               36
        BANK1            000190-0001FF               70
        BANK10           000A00-000AFF              100
        BANK11           000B00-000BFF              100
        BANK12           000C00-000CFF              100
        BANK13           000D00-000DFF              100
        BANK14           000E00-000E40               41
        BANK2            000290-0002FF               70
        BANK3            000300-0003FF              100
        BANK4            000400-0004FF              100
        BANK5            000500-0005FF              100
        BANK6            000600-0006FF              100
        BANK7            000700-0007FF              100
        BANK8            000800-0008FF              100
        BANK9            000900-0009FF              100
        BIGRAM           00004A-00005F               16
                         0000CA-0000FF               36
                         000190-0001FF               70
                         000290-000E40              BB1
        CODE             000004-000007                4
                         000014-000017                4
                         00128E-007FFF             6D72
        COMRAM           00004A-00005F               16
        CONST            000004-000007                4
                         000014-000017                4
                         00128E-007FFF             6D72
        EEDATA           F00000-F003FF              400
        MEDIUMCONST      00128E-007FFF             6D72
        RAM              0000CA-0000FF               36
                         000190-0001FF               70
                         000290-000E40              100
        SFR              000E41-000FFF               BF
        SMALLCONST       00128E-007FFF              100
        STACK            000290-0009FF              770

                                  Symbol Table

?_GetCANRxFifo                 cstackBANK0  00006E
?_GetCANTxFifo                 cstackBANK0  00006E
ECANFiltersInit@mask           cstackBANK0  000070
ECANPoll@RXBODBEN              (abs)        007B02
ECANReceiveMessage@data        cstackCOMRAM 00001E
ECANReceiveMessage@dataLen     cstackCOMRAM 000020
ECANReceiveMessage@i           cstackCOMRAM 000027
ECANReceiveMessage@id          cstackCOMRAM 00001C
ECANReceiveMessage@msgFlags    cstackCOMRAM 000022
ECANReceiveMessage@ptr         cstackCOMRAM 000028
ECANReceiveMessage@savedPtr    cstackCOMRAM 000025
ECANReceiveMessage@temp        cstackCOMRAM 00002A
ECANSendMessage@data           cstackBANK0  00007D
ECANSendMessage@dataLen        cstackBANK0  00007F
ECANSendMessage@i              cstackBANK0  000098
ECANSendMessage@id             cstackBANK0  000079
ECANSendMessage@j              cstackBANK0  000094
ECANSendMessage@msgFlags       cstackBANK0  000080
ECANSendMessage@pb             cstackBANK0  000082
ECANSendMessage@ptr            cstackBANK0  000099
ECANSendMessage@temp           cstackBANK0  000097
ECANSendMessage@tempPtr        cstackBANK0  000095
ECANSetOperationMode@mode      cstackBANK0  00006E
GetCANRxFifo@LocalCANRXMsg     cstackBANK0  00007E
GetCANTxFifo@LocalCANTXMsg     cstackBANK0  00007E
PutCANRxFifo@PutMessage        cstackCOMRAM 000013
PutCANTxFifo@PutMessage        cstackBANK0  00006E
_ANCON0                        (abs)        000F5D
_ANCON1                        (abs)        000F5C
_BRGCON1                       (abs)        000E43
_BRGCON2                       (abs)        000E44
_BRGCON3                       (abs)        000E45
_CANCON                        (abs)        000F6F
_CANRxFifo                     bssBANK2     000200
_CANRxFifoInit                 text17       00115E
_CANSTAT                       (abs)        000F6E
_CANTxFifo                     bssBANK1     000100
_CANTxFifoInit                 text16       00111C
_CCP2CON                       (abs)        000F50
_CCP3CON                       (abs)        000F4D
_CCP4CON                       (abs)        000F4A
_CCP5CON                       (abs)        000F47
_CCPR1L                        (abs)        000FBC
_CCPR2L                        (abs)        000F51
_CCPR5L                        (abs)        000F48
_CCPTMRS                       (abs)        000F99
_CIOCON                        (abs)        000F70
_ConfigureCCP                  text15       0010CE
_ConfigureGPIO                 text14       0011E0
_ConfigureInterrupts           text13       00107E
_ConfigureOscillator           text12       001276
_ConfigureTimers               text11       0011A0
_ECANFiltersInit               text10       000EB6
_ECANInitialize                text8        000D2A
_ECANReceiveMessage            text21       000A0C
_ECANSendMessage               text6        0006C0
_ECANSetOperationMode          text9        001256
_ECCP1CONbits                  (abs)        000FBB
_GetCANRxFifo                  text5        000C4E
_GetCANTxFifo                  text4        000B72
_GetCanAdress                  text3        001284
_INTCON                        (abs)        000FF2
_INTCON2                       (abs)        000FF1
_INTCON3                       (abs)        000FF0
_INTCONbits                    (abs)        000FF2
_IPR1                          (abs)        000F9F
_IPR2                          (abs)        000FA2
_IPR3                          (abs)        000FA5
_IPR4                          (abs)        000FB8
_IPR5                          (abs)        000F78
_IRXIF                         (abs)        007BBF
_KeybMsg                       bssCOMRAM    000039
_LATBbits                      (abs)        000F8A
_LATCbits                      (abs)        000F8B
_LATD                          (abs)        000F8C
_LATE                          (abs)        000F8D
_LedDisp                       bssCOMRAM    000042
_LocalCanAdress                bssBANK0     0000C9
_MDSEL0                        (abs)        007B96
_MDSEL1                        (abs)        007B97
_OSCCONbits                    (abs)        000FD3
_PIE1                          (abs)        000F9D
_PIE2                          (abs)        000FA0
_PIE3                          (abs)        000FA3
_PIE4                          (abs)        000FB6
_PIE5                          (abs)        000F76
_PIR1                          (abs)        000F9E
_PIR2                          (abs)        000FA1
_PIR3                          (abs)        000FA4
_PIR4                          (abs)        000FB7
_PIR5                          (abs)        000F77
_PIR5bits                      (abs)        000F77
_PORTA                         (abs)        000F80
_PR2                           (abs)        000FCB
_PR4                           (abs)        000FA9
_PutCANRxFifo                  text20       001000
_PutCANTxFifo                  text2        000F6C
_RCONbits                      (abs)        000FD0
_RXB0CON                       (abs)        000F60
_RXB0FILHIT0                   (abs)        007B00
_RXB0FUL                       (abs)        007B07
_RXB0IF                        (abs)        007BB8
_RXB0OVFL                      (abs)        007B8F
_RXB1CON                       (abs)        000F30
_RXB1FUL                       (abs)        007987
_RXB1IF                        (abs)        007BB9
_RXB1OVFL                      (abs)        007B8E
_RXBODBEN                      (abs)        007B02
_RXF0SIDH                      (abs)        000EE0
_RXF0SIDL                      (abs)        000EE1
_RXF1SIDH                      (abs)        000EE4
_RXF1SIDL                      (abs)        000EE5
_RXF2SIDH                      (abs)        000EE8
_RXF2SIDL                      (abs)        000EE9
_RXF3SIDH                      (abs)        000EEC
_RXF3SIDL                      (abs)        000EED
_RXF4SIDH                      (abs)        000EF0
_RXF4SIDL                      (abs)        000EF1
_RXF5SIDH                      (abs)        000EF4
_RXF5SIDL                      (abs)        000EF5
_RXM0EXIDM                     (abs)        0077CB
_RXM0SIDH                      (abs)        000EF8
_RXM0SIDL                      (abs)        000EF9
_RXM1EXIDEN                    (abs)        0077EB
_RXM1SIDH                      (abs)        000EFC
_RXM1SIDL                      (abs)        000EFD
_SoundMsg                      bssBANK0     0000BE
_SoundTimerTicked              bssCOMRAM    000048
_SystemTest                    text1        00128A
_T0CONbits                     (abs)        000FD5
_T2CONbits                     (abs)        000FCA
_T4CONbits                     (abs)        000F88
_TMR0H                         (abs)        000FD7
_TMR0L                         (abs)        000FD6
_TRISA                         (abs)        000F92
_TRISB                         (abs)        000F93
_TRISC                         (abs)        000F94
_TRISD                         (abs)        000F95
_TRISE                         (abs)        000F96
_TXB0CON                       (abs)        000F20
_TXB0CONbits                   (abs)        000F20
_TXB1CON                       (abs)        000F10
_TXB2CON                       (abs)        000F00
_TickCounter                   bssCOMRAM    000045
__CANIDToRegs                  text7        0004E0
__CANIDToRegs@Value            cstackBANK0  000077
__CANIDToRegs@ptr              cstackBANK0  00006E
__CANIDToRegs@type             cstackBANK0  000074
__CANIDToRegs@val              cstackBANK0  000070
__CFG_BBSIZ$BB2K               (abs)        000000
__CFG_BOREN$SBORDIS            (abs)        000000
__CFG_BORPWR$ZPBORMV           (abs)        000000
__CFG_BORV$3                   (abs)        000000
__CFG_CANMX$PORTB              (abs)        000000
__CFG_CP0$OFF                  (abs)        000000
__CFG_CP1$OFF                  (abs)        000000
__CFG_CP2$OFF                  (abs)        000000
__CFG_CP3$OFF                  (abs)        000000
__CFG_CPB$OFF                  (abs)        000000
__CFG_CPD$OFF                  (abs)        000000
__CFG_EBTR0$OFF                (abs)        000000
__CFG_EBTR1$OFF                (abs)        000000
__CFG_EBTR2$OFF                (abs)        000000
__CFG_EBTR3$OFF                (abs)        000000
__CFG_EBTRB$OFF                (abs)        000000
__CFG_FCMEN$OFF                (abs)        000000
__CFG_FOSC$HS1                 (abs)        000000
__CFG_IESO$OFF                 (abs)        000000
__CFG_INTOSCSEL$HIGH           (abs)        000000
__CFG_MCLRE$ON                 (abs)        000000
__CFG_MSSPMSK$MSK7             (abs)        000000
__CFG_PLLCFG$ON                (abs)        000000
__CFG_PWRTEN$ON                (abs)        000000
__CFG_RETEN$ON                 (abs)        000000
__CFG_SOSCSEL$DIG              (abs)        000000
__CFG_STVREN$ON                (abs)        000000
__CFG_WDTEN$OFF                (abs)        000000
__CFG_WDTPS$1048576            (abs)        000000
__CFG_WRT0$OFF                 (abs)        000000
__CFG_WRT1$OFF                 (abs)        000000
__CFG_WRT2$OFF                 (abs)        000000
__CFG_WRT3$OFF                 (abs)        000000
__CFG_WRTB$OFF                 (abs)        000000
__CFG_WRTC$OFF                 (abs)        000000
__CFG_WRTD$OFF                 (abs)        000000
__CFG_XINST$OFF                (abs)        000000
__ECANRxFilterHitInfo          bssCOMRAM    000049
__HRAM                         (abs)        000000
__Habs1                        abs1         000000
__Hbank0                       bank0        000000
__Hbank1                       bank1        000000
__Hbank10                      bank10       000000
__Hbank11                      bank11       000000
__Hbank12                      bank12       000000
__Hbank13                      bank13       000000
__Hbank14                      bank14       000000
__Hbank2                       bank2        000000
__Hbank3                       bank3        000000
__Hbank4                       bank4        000000
__Hbank5                       bank5        000000
__Hbank6                       bank6        000000
__Hbank7                       bank7        000000
__Hbank8                       bank8        000000
__Hbank9                       bank9        000000
__Hbigbss                      bigbss       000000
__Hbigdata                     bigdata      000000
__Hbigram                      bigram       000000
__Hbss                         bss          000000
__HbssBANK0                    bssBANK0     000000
__HbssBANK1                    bssBANK1     000000
__HbssBANK2                    bssBANK2     000000
__HbssCOMRAM                   bssCOMRAM    000000
__Hcinit                       cinit        000000
__Hclrtext                     clrtext      000000
__Hcomram                      comram       000000
__Hconfig                      config       30000E
__Hconst                       const        000000
__HcstackBANK0                 cstackBANK0  000000
__HcstackCOMRAM                cstackCOMRAM 000000
__Hdata                        data         000000
__Heeprom_data                 eeprom_data  000000
__Hend_init                    end_init     000126
__Hfarbss                      farbss       000000
__Hfardata                     fardata      000000
__Hibigdata                    ibigdata     000000
__Hidata                       idata        000000
__Hidloc                       idloc        200008
__Hifardata                    ifardata     000000
__Hinit                        init         000122
__Hintcode                     intcode      000014
__Hintcode_body                intcode_body 000000
__Hintcodelo                   intcodelo    000122
__Hintentry                    intentry     000000
__Hintret                      intret       000000
__Hintsave_regs                intsave_regs 000000
__Hirdata                      irdata       000000
__Hmediumconst                 mediumconst  000000
__HnvFARRAM                    nvFARRAM     000000
__Hnvbit                       nvbit        000000
__Hnvrram                      nvrram       000000
__Hparam                       rparam       000000
__Hpowerup                     powerup      000122
__Hram                         ram          000000
__Hramtop                      ramtop       000F00
__Hrbit                        rbit         000000
__Hrbss                        rbss         000000
__Hrdata                       rdata        000000
__Hreset_vec                   reset_vec    000004
__Hrparam                      rparam       000000
__Hsfr                         sfr          000000
__Hsmallconst                  smallconst   000000
__Hstack                       stack        000000
__Hstruct                      struct       000000
__Htemp                        temp         000000
__Htext                        text         000000
__Htext0                       text0        000000
__Htext1                       text1        000000
__Htext10                      text10       000000
__Htext11                      text11       000000
__Htext12                      text12       000000
__Htext13                      text13       000000
__Htext14                      text14       000000
__Htext15                      text15       000000
__Htext16                      text16       000000
__Htext17                      text17       000000
__Htext2                       text2        000000
__Htext20                      text20       000000
__Htext21                      text21       000000
__Htext22                      text22       000000
__Htext3                       text3        000000
__Htext4                       text4        000000
__Htext5                       text5        000000
__Htext6                       text6        000000
__Htext7                       text7        000000
__Htext8                       text8        000000
__Htext9                       text9        000000
__LRAM                         (abs)        000001
__Labs1                        abs1         000000
__Lbank0                       bank0        000000
__Lbank1                       bank1        000000
__Lbank10                      bank10       000000
__Lbank11                      bank11       000000
__Lbank12                      bank12       000000
__Lbank13                      bank13       000000
__Lbank14                      bank14       000000
__Lbank2                       bank2        000000
__Lbank3                       bank3        000000
__Lbank4                       bank4        000000
__Lbank5                       bank5        000000
__Lbank6                       bank6        000000
__Lbank7                       bank7        000000
__Lbank8                       bank8        000000
__Lbank9                       bank9        000000
__Lbigbss                      bigbss       000000
__Lbigdata                     bigdata      000000
__Lbigram                      bigram       000000
__Lbss                         bss          000000
__LbssBANK0                    bssBANK0     000000
__LbssBANK1                    bssBANK1     000000
__LbssBANK2                    bssBANK2     000000
__LbssCOMRAM                   bssCOMRAM    000000
__Lcinit                       cinit        000000
__Lclrtext                     clrtext      000000
__Lcomram                      comram       000000
__Lconfig                      config       300000
__Lconst                       const        000000
__LcstackBANK0                 cstackBANK0  000000
__LcstackCOMRAM                cstackCOMRAM 000000
__Ldata                        data         000000
__Leeprom_data                 eeprom_data  000000
__Lend_init                    end_init     000122
__Lfarbss                      farbss       000000
__Lfardata                     fardata      000000
__Libigdata                    ibigdata     000000
__Lidata                       idata        000000
__Lidloc                       idloc        200000
__Lifardata                    ifardata     000000
__Linit                        init         000122
__Lintcode                     intcode      000008
__Lintcode_body                intcode_body 000000
__Lintcodelo                   intcodelo    000018
__Lintentry                    intentry     000000
__Lintret                      intret       000000
__Lintsave_regs                intsave_regs 000000
__Lirdata                      irdata       000000
__Lmediumconst                 mediumconst  000000
__LnvFARRAM                    nvFARRAM     000000
__Lnvbit                       nvbit        000000
__Lnvrram                      nvrram       000000
__Lparam                       rparam       000000
__Lpowerup                     powerup      000122
__Lram                         ram          000000
__Lramtop                      ramtop       000F00
__Lrbit                        rbit         000000
__Lrbss                        rbss         000000
__Lrdata                       rdata        000000
__Lreset_vec                   reset_vec    000000
__Lrparam                      rparam       000000
__Lsfr                         sfr          000000
__Lsmallconst                  smallconst   000000
__Lstack                       stack        000000
__Lstruct                      struct       000000
__Ltemp                        temp         000000
__Ltext                        text         000000
__Ltext0                       text0        000000
__Ltext1                       text1        000000
__Ltext10                      text10       000000
__Ltext11                      text11       000000
__Ltext12                      text12       000000
__Ltext13                      text13       000000
__Ltext14                      text14       000000
__Ltext15                      text15       000000
__Ltext16                      text16       000000
__Ltext17                      text17       000000
__Ltext2                       text2        000000
__Ltext20                      text20       000000
__Ltext21                      text21       000000
__Ltext22                      text22       000000
__Ltext3                       text3        000000
__Ltext4                       text4        000000
__Ltext5                       text5        000000
__Ltext6                       text6        000000
__Ltext7                       text7        000000
__Ltext8                       text8        000000
__Ltext9                       text9        000000
__RegsToCANID                  text22       000898
__RegsToCANID@Value            cstackCOMRAM 00001A
__RegsToCANID@ptr              cstackCOMRAM 000013
__RegsToCANID@type             cstackCOMRAM 000017
__RegsToCANID@val              cstackCOMRAM 000015
__S0                           (abs)        30000E
__S1                           (abs)        000290
__S2                           (abs)        000000
___inthi_sp                    stack        000000
___intlo_sp                    stack        000000
___sp                          stack        000000
__accesstop                    (abs)        000060
__activetblptr                 (abs)        000000
__end_of_CANRxFifoInit         text17       0011A0
__end_of_CANTxFifoInit         text16       00115E
__end_of_ConfigureCCP          text15       00111C
__end_of_ConfigureGPIO         text14       001220
__end_of_ConfigureInterrupts   text13       0010CE
__end_of_ConfigureOscillator   text12       001284
__end_of_ConfigureTimers       text11       0011E0
__end_of_ECANFiltersInit       text10       000F6C
__end_of_ECANInitialize        text8        000DF0
__end_of_ECANReceiveMessage    text21       000B72
__end_of_ECANSendMessage       text6        000898
__end_of_ECANSetOperationMode  text9        001276
__end_of_GetCANRxFifo          text5        000D2A
__end_of_GetCANTxFifo          text4        000C4E
__end_of_GetCanAdress          text3        00128A
__end_of_PutCANRxFifo          text20       00107E
__end_of_PutCANTxFifo          text2        001000
__end_of_SystemTest            text1        00128E
__end_of__CANIDToRegs          text7        0006C0
__end_of__RegsToCANID          text22       000A0C
__end_of__initialization       cinit        001250
__end_of_high_isr              intcode_body 000EB6
__end_of_low_isr               intcodelo    000122
__end_of_main                  text0        0004E0
__initialization               cinit        001220
__mediumconst                  mediumconst  000000
__pbssBANK0                    bssBANK0     0000BE
__pbssBANK1                    bssBANK1     000100
__pbssBANK2                    bssBANK2     000200
__pbssCOMRAM                   bssCOMRAM    000039
__pcinit                       cinit        001220
__pcstackBANK0                 cstackBANK0  000060
__pcstackCOMRAM                cstackCOMRAM 000001
__pintcode                     intcode      000008
__pintcode_body                intcode_body 000DF0
__pintcodelo                   intcodelo    000018
__ptext0                       text0        000126
__ptext1                       text1        00128A
__ptext10                      text10       000EB6
__ptext11                      text11       0011A0
__ptext12                      text12       001276
__ptext13                      text13       00107E
__ptext14                      text14       0011E0
__ptext15                      text15       0010CE
__ptext16                      text16       00111C
__ptext17                      text17       00115E
__ptext2                       text2        000F6C
__ptext20                      text20       001000
__ptext21                      text21       000A0C
__ptext22                      text22       000898
__ptext3                       text3        001284
__ptext4                       text4        000B72
__ptext5                       text5        000C4E
__ptext6                       text6        0006C0
__ptext7                       text7        0004E0
__ptext8                       text8        000D2A
__ptext9                       text9        001256
__ramtop                       ramtop       000F00
__size_of_CANRxFifoInit        (abs)        000000
__size_of_CANTxFifoInit        (abs)        000000
__size_of_ConfigureCCP         (abs)        000000
__size_of_ConfigureGPIO        (abs)        000000
__size_of_ConfigureInterrupts  (abs)        000000
__size_of_ConfigureOscillator  (abs)        000000
__size_of_ConfigureTimers      (abs)        000000
__size_of_ECANFiltersInit      (abs)        000000
__size_of_ECANInitialize       (abs)        000000
__size_of_ECANReceiveMessage   (abs)        000000
__size_of_ECANSendMessage      (abs)        000000
__size_of_ECANSetOperationMode (abs)        000000
__size_of_GetCANRxFifo         (abs)        000000
__size_of_GetCANTxFifo         (abs)        000000
__size_of_GetCanAdress         (abs)        000000
__size_of_PutCANRxFifo         (abs)        000000
__size_of_PutCANTxFifo         (abs)        000000
__size_of_SystemTest           (abs)        000000
__size_of__CANIDToRegs         (abs)        000000
__size_of__RegsToCANID         (abs)        000000
__size_of_high_isr             (abs)        000000
__size_of_low_isr              (abs)        000000
__size_of_main                 (abs)        000000
__smallconst                   smallconst   000000
_high_isr                      intcode      000008
_low_isr                       intcodelo    000018
_main                          text0        000126
ecanpoll@RXBODBEN              (abs)        007B02
end_of_initialization          cinit        001250
high_isr@CANRxNewMessage       cstackBANK0  000060
int_func                       intcode_body 000DF0
intlevel0                      text         000000
intlevel1                      text         000000
intlevel2                      text         000000
intlevel3                      text         000000
main@AutotestResult            cstackBANK0  0000A1
main@TempCANRxMsg              cstackBANK0  0000A2
main@TempCANTxMsg              cstackBANK0  0000B0
stackhi                        (abs)        0009FF
stacklo                        (abs)        000290
start                          init         000122
start_initialization           cinit        001220


FUNCTION INFORMATION:

 *************** function _main *****************
 Defined at:
		line 55 in file "main.c"
 Parameters:    Size  Location     Type
		None
 Auto vars:     Size  Location     Type
  TempCANTxMsg   14   80[BANK0 ] struct CANTxMsg
  TempCANRxMsg   14   66[BANK0 ] struct CANRxMsg
  TempVarInt      2    0        unsigned int 
  AutotestResu    1   65[BANK0 ] unsigned char 
  TempVar         1    0        unsigned char 
 Return value:  Size  Location     Type
		None               void
 Registers used:
		wreg, fsr0l, fsr0h, fsr1l, fsr1h, fsr1l, fsr1h, fsr2l, fsr2h, status,2, status,0, pclat, btemp, btemp+1, btemp+2, btemp+3, btemp+4, btemp+5, btemp+6, btemp+7, btemp+8, btemp+9, btemp+10, btemp+11, tosl, structret, tblptrl, tblptrh, tblptru, prodl, prodh, bsr, cstack
 Tracked objects:
		On entry : 
		On exit  : 
		Unchanged: 
 Data sizes:     COMRAM   BANK0   BANK1   BANK2   BANK3   BANK4   BANK5   BANK6   BANK7   BANK8   BANK9  BANK10  BANK11  BANK12  BANK13  BANK14
      Params:         0       0       0       0       0       0       0       0       0       0       0       0       0       0       0       0
      Locals:         0      29       0       0       0       0       0       0       0       0       0       0       0       0       0       0
      Temps:          0       6       0       0       0       0       0       0       0       0       0       0       0       0       0       0
      Totals:         0      35       0       0       0       0       0       0       0       0       0       0       0       0       0       0
Total ram usage:       35 bytes
 Hardware stack levels required when called:    6
 This function calls:
		_CANRxFifoInit
		_CANTxFifoInit
		_ConfigureCCP
		_ConfigureGPIO
		_ConfigureInterrupts
		_ConfigureOscillator
		_ConfigureTimers
		_ECANFiltersInit
		_ECANInitialize
		_ECANSendMessage
		_GetCANRxFifo
		_GetCANTxFifo
		_GetCanAdress
		_PutCANTxFifo
		_SystemTest
 This function is called by:
		Startup code after reset
 This function uses a non-reentrant model


 *************** function _SystemTest *****************
 Defined at:
		line 172 in file "system.c"
 Parameters:    Size  Location     Type
		None
 Auto vars:     Size  Location     Type
		None
 Return value:  Size  Location     Type
                  1    wreg      unsigned char 
 Registers used:
		wreg
 Tracked objects:
		On entry : 
		On exit  : 
		Unchanged: 
 Data sizes:     COMRAM   BANK0   BANK1   BANK2   BANK3   BANK4   BANK5   BANK6   BANK7   BANK8   BANK9  BANK10  BANK11  BANK12  BANK13  BANK14
      Params:         0       0       0       0       0       0       0       0       0       0       0       0       0       0       0       0
      Locals:         0       0       0       0       0       0       0       0       0       0       0       0       0       0       0       0
      Temps:          0       0       0       0       0       0       0       0       0       0       0       0       0       0       0       0
      Totals:         0       0       0       0       0       0       0       0       0       0       0       0       0       0       0       0
Total ram usage:        0 bytes
 Hardware stack levels used:    1
 Hardware stack levels required when called:    4
 This function calls:
		Nothing
 This function is called by:
		_main
 This function uses a non-reentrant model


 *************** function _PutCANTxFifo *****************
 Defined at:
		line 44 in file "Can_HL.c"
 Parameters:    Size  Location     Type
  PutMessage     14   14[BANK0 ] struct CANTxMsg
 Auto vars:     Size  Location     Type
		None
 Return value:  Size  Location     Type
		None               void
 Registers used:
		wreg, fsr1l, fsr1h, fsr2l, fsr2h, status,2, status,0, prodl, prodh
 Tracked objects:
		On entry : 
		On exit  : 
		Unchanged: 
 Data sizes:     COMRAM   BANK0   BANK1   BANK2   BANK3   BANK4   BANK5   BANK6   BANK7   BANK8   BANK9  BANK10  BANK11  BANK12  BANK13  BANK14
      Params:         0      14       0       0       0       0       0       0       0       0       0       0       0       0       0       0
      Locals:         0       0       0       0       0       0       0       0       0       0       0       0       0       0       0       0
      Temps:          0       2       0       0       0       0       0       0       0       0       0       0       0       0       0       0
      Totals:         0      16       0       0       0       0       0       0       0       0       0       0       0       0       0       0
Total ram usage:       16 bytes
 Hardware stack levels used:    1
 Hardware stack levels required when called:    4
 This function calls:
		Nothing
 This function is called by:
		_main
 This function uses a non-reentrant model


 *************** function _GetCanAdress *****************
 Defined at:
		line 167 in file "system.c"
 Parameters:    Size  Location     Type
		None
 Auto vars:     Size  Location     Type
		None
 Return value:  Size  Location     Type
                  1    wreg      unsigned char 
 Registers used:
		wreg, status,2, status,0
 Tracked objects:
		On entry : 
		On exit  : 
		Unchanged: 
 Data sizes:     COMRAM   BANK0   BANK1   BANK2   BANK3   BANK4   BANK5   BANK6   BANK7   BANK8   BANK9  BANK10  BANK11  BANK12  BANK13  BANK14
      Params:         0       0       0       0       0       0       0       0       0       0       0       0       0       0       0       0
      Locals:         0       0       0       0       0       0       0       0       0       0       0       0       0       0       0       0
      Temps:          0       0       0       0       0       0       0       0       0       0       0       0       0       0       0       0
      Totals:         0       0       0       0       0       0       0       0       0       0       0       0       0       0       0       0
Total ram usage:        0 bytes
 Hardware stack levels used:    1
 Hardware stack levels required when called:    4
 This function calls:
		Nothing
 This function is called by:
		_main
 This function uses a non-reentrant model


 *************** function _GetCANTxFifo *****************
 Defined at:
		line 66 in file "Can_HL.c"
 Parameters:    Size  Location     Type
		None
 Auto vars:     Size  Location     Type
  LocalCANTXMs   14   30[BANK0 ] struct CANTxMsg
 Return value:  Size  Location     Type
                  14   14[BANK0 ] struct CANTxMsg
 Registers used:
		wreg, fsr0l, fsr0h, fsr1l, fsr1h, fsr2l, fsr2h, status,2, status,0, prodl, prodh
 Tracked objects:
		On entry : 
		On exit  : 
		Unchanged: 
 Data sizes:     COMRAM   BANK0   BANK1   BANK2   BANK3   BANK4   BANK5   BANK6   BANK7   BANK8   BANK9  BANK10  BANK11  BANK12  BANK13  BANK14
      Params:         0      14       0       0       0       0       0       0       0       0       0       0       0       0       0       0
      Locals:         0      14       0       0       0       0       0       0       0       0       0       0       0       0       0       0
      Temps:          0       2       0       0       0       0       0       0       0       0       0       0       0       0       0       0
      Totals:         0      30       0       0       0       0       0       0       0       0       0       0       0       0       0       0
Total ram usage:       30 bytes
 Hardware stack levels used:    1
 Hardware stack levels required when called:    4
 This function calls:
		Nothing
 This function is called by:
		_main
 This function uses a non-reentrant model


 *************** function _GetCANRxFifo *****************
 Defined at:
		line 114 in file "Can_HL.c"
 Parameters:    Size  Location     Type
		None
 Auto vars:     Size  Location     Type
  LocalCANRXMs   14   30[BANK0 ] struct CANRxMsg
 Return value:  Size  Location     Type
                  14   14[BANK0 ] struct CANRxMsg
 Registers used:
		wreg, fsr0l, fsr0h, fsr1l, fsr1h, fsr2l, fsr2h, status,2, status,0, prodl, prodh
 Tracked objects:
		On entry : 
		On exit  : 
		Unchanged: 
 Data sizes:     COMRAM   BANK0   BANK1   BANK2   BANK3   BANK4   BANK5   BANK6   BANK7   BANK8   BANK9  BANK10  BANK11  BANK12  BANK13  BANK14
      Params:         0      14       0       0       0       0       0       0       0       0       0       0       0       0       0       0
      Locals:         0      14       0       0       0       0       0       0       0       0       0       0       0       0       0       0
      Temps:          0       2       0       0       0       0       0       0       0       0       0       0       0       0       0       0
      Totals:         0      30       0       0       0       0       0       0       0       0       0       0       0       0       0       0
Total ram usage:       30 bytes
 Hardware stack levels used:    1
 Hardware stack levels required when called:    4
 This function calls:
		Nothing
 This function is called by:
		_main
 This function uses a non-reentrant model


 *************** function _ECANSendMessage *****************
 Defined at:
		line 610 in file "ECANPoll.c"
 Parameters:    Size  Location     Type
  id              4   25[BANK0 ] unsigned long 
  data            2   29[BANK0 ] PTR unsigned char 
		 -> main@TempCANTxMsg(14), 
  dataLen         1   31[BANK0 ] unsigned char 
  msgFlags        1   32[BANK0 ] enum E19280
 Auto vars:     Size  Location     Type
  pb             18   34[BANK0 ] PTR unsigned char [9]
		 -> TXB2CON(1), TXB1CON(1), TXB0CON(1), 
  ptr             2   57[BANK0 ] PTR unsigned char 
		 -> TXB2CON(1), TXB1CON(1), TXB0CON(1), 
  tempPtr         2   53[BANK0 ] PTR unsigned char 
		 -> TXB2CON(1), TXB1CON(1), TXB0CON(1), 
  i               1   56[BANK0 ] unsigned char 
  temp            1   55[BANK0 ] unsigned char 
  j               1   52[BANK0 ] unsigned char 
 Return value:  Size  Location     Type
                  1    wreg      enum E18559
 Registers used:
		wreg, fsr1l, fsr1h, fsr2l, fsr2h, status,2, status,0, prodl, prodh, cstack
 Tracked objects:
		On entry : 
		On exit  : 
		Unchanged: 
 Data sizes:     COMRAM   BANK0   BANK1   BANK2   BANK3   BANK4   BANK5   BANK6   BANK7   BANK8   BANK9  BANK10  BANK11  BANK12  BANK13  BANK14
      Params:         0       8       0       0       0       0       0       0       0       0       0       0       0       0       0       0
      Locals:         0      25       0       0       0       0       0       0       0       0       0       0       0       0       0       0
      Temps:          0       1       0       0       0       0       0       0       0       0       0       0       0       0       0       0
      Totals:         0      34       0       0       0       0       0       0       0       0       0       0       0       0       0       0
Total ram usage:       34 bytes
 Hardware stack levels used:    1
 Hardware stack levels required when called:    5
 This function calls:
		__CANIDToRegs
 This function is called by:
		_main
 This function uses a non-reentrant model


 *************** function __CANIDToRegs *****************
 Defined at:
		line 1097 in file "ECANPoll.c"
 Parameters:    Size  Location     Type
  ptr             2   14[BANK0 ] PTR unsigned char 
		 -> TXB2CON(1), TXB1CON(1), TXB0CON(1), 
  val             4   16[BANK0 ] unsigned long 
  type            1   20[BANK0 ] unsigned char 
 Auto vars:     Size  Location     Type
  Value           2   23[BANK0 ] PTR struct _CAN_MESSAGE_
		 -> _CANIDToRegs@val(4), 
 Return value:  Size  Location     Type
		None               void
 Registers used:
		wreg, fsr1l, fsr1h, fsr2l, fsr2h, status,2, status,0
 Tracked objects:
		On entry : 
		On exit  : 
		Unchanged: 
 Data sizes:     COMRAM   BANK0   BANK1   BANK2   BANK3   BANK4   BANK5   BANK6   BANK7   BANK8   BANK9  BANK10  BANK11  BANK12  BANK13  BANK14
      Params:         0       7       0       0       0       0       0       0       0       0       0       0       0       0       0       0
      Locals:         0       2       0       0       0       0       0       0       0       0       0       0       0       0       0       0
      Temps:          0       2       0       0       0       0       0       0       0       0       0       0       0       0       0       0
      Totals:         0      11       0       0       0       0       0       0       0       0       0       0       0       0       0       0
Total ram usage:       11 bytes
 Hardware stack levels used:    1
 Hardware stack levels required when called:    4
 This function calls:
		Nothing
 This function is called by:
		_ECANSendMessage
 This function uses a non-reentrant model


 *************** function _ECANInitialize *****************
 Defined at:
		line 164 in file "ECANPoll.c"
 Parameters:    Size  Location     Type
		None
 Auto vars:     Size  Location     Type
		None
 Return value:  Size  Location     Type
		None               void
 Registers used:
		wreg, status,2, status,0, cstack
 Tracked objects:
		On entry : 
		On exit  : 
		Unchanged: 
 Data sizes:     COMRAM   BANK0   BANK1   BANK2   BANK3   BANK4   BANK5   BANK6   BANK7   BANK8   BANK9  BANK10  BANK11  BANK12  BANK13  BANK14
      Params:         0       0       0       0       0       0       0       0       0       0       0       0       0       0       0       0
      Locals:         0       0       0       0       0       0       0       0       0       0       0       0       0       0       0       0
      Temps:          0       0       0       0       0       0       0       0       0       0       0       0       0       0       0       0
      Totals:         0       0       0       0       0       0       0       0       0       0       0       0       0       0       0       0
Total ram usage:        0 bytes
 Hardware stack levels used:    1
 Hardware stack levels required when called:    5
 This function calls:
		_ECANSetOperationMode
 This function is called by:
		_main
 This function uses a non-reentrant model


 *************** function _ECANSetOperationMode *****************
 Defined at:
		line 1012 in file "ECANPoll.c"
 Parameters:    Size  Location     Type
  mode            1    wreg     enum E19311
 Auto vars:     Size  Location     Type
  mode            1   14[BANK0 ] enum E19311
 Return value:  Size  Location     Type
		None               void
 Registers used:
		wreg, status,2, status,0
 Tracked objects:
		On entry : 
		On exit  : 
		Unchanged: 
 Data sizes:     COMRAM   BANK0   BANK1   BANK2   BANK3   BANK4   BANK5   BANK6   BANK7   BANK8   BANK9  BANK10  BANK11  BANK12  BANK13  BANK14
      Params:         0       0       0       0       0       0       0       0       0       0       0       0       0       0       0       0
      Locals:         0       1       0       0       0       0       0       0       0       0       0       0       0       0       0       0
      Temps:          0       0       0       0       0       0       0       0       0       0       0       0       0       0       0       0
      Totals:         0       1       0       0       0       0       0       0       0       0       0       0       0       0       0       0
Total ram usage:        1 bytes
 Hardware stack levels used:    1
 Hardware stack levels required when called:    4
 This function calls:
		Nothing
 This function is called by:
		_ECANInitialize
 This function uses a non-reentrant model


 *************** function _ECANFiltersInit *****************
 Defined at:
		line 144 in file "Can_HL.c"
 Parameters:    Size  Location     Type
		None
 Auto vars:     Size  Location     Type
  mask            2   16[BANK0 ] unsigned int 
 Return value:  Size  Location     Type
		None               void
 Registers used:
		wreg, status,2, status,0
 Tracked objects:
		On entry : 
		On exit  : 
		Unchanged: 
 Data sizes:     COMRAM   BANK0   BANK1   BANK2   BANK3   BANK4   BANK5   BANK6   BANK7   BANK8   BANK9  BANK10  BANK11  BANK12  BANK13  BANK14
      Params:         0       0       0       0       0       0       0       0       0       0       0       0       0       0       0       0
      Locals:         0       2       0       0       0       0       0       0       0       0       0       0       0       0       0       0
      Temps:          0       2       0       0       0       0       0       0       0       0       0       0       0       0       0       0
      Totals:         0       4       0       0       0       0       0       0       0       0       0       0       0       0       0       0
Total ram usage:        4 bytes
 Hardware stack levels used:    1
 Hardware stack levels required when called:    4
 This function calls:
		Nothing
 This function is called by:
		_main
 This function uses a non-reentrant model


 *************** function _ConfigureTimers *****************
 Defined at:
		line 108 in file "system.c"
 Parameters:    Size  Location     Type
		None
 Auto vars:     Size  Location     Type
		None
 Return value:  Size  Location     Type
		None               void
 Registers used:
		wreg, status,2
 Tracked objects:
		On entry : 
		On exit  : 
		Unchanged: 
 Data sizes:     COMRAM   BANK0   BANK1   BANK2   BANK3   BANK4   BANK5   BANK6   BANK7   BANK8   BANK9  BANK10  BANK11  BANK12  BANK13  BANK14
      Params:         0       0       0       0       0       0       0       0       0       0       0       0       0       0       0       0
      Locals:         0       0       0       0       0       0       0       0       0       0       0       0       0       0       0       0
      Temps:          0       0       0       0       0       0       0       0       0       0       0       0       0       0       0       0
      Totals:         0       0       0       0       0       0       0       0       0       0       0       0       0       0       0       0
Total ram usage:        0 bytes
 Hardware stack levels used:    1
 Hardware stack levels required when called:    4
 This function calls:
		Nothing
 This function is called by:
		_main
 This function uses a non-reentrant model


 *************** function _ConfigureOscillator *****************
 Defined at:
		line 32 in file "system.c"
 Parameters:    Size  Location     Type
		None
 Auto vars:     Size  Location     Type
		None
 Return value:  Size  Location     Type
		None               void
 Registers used:
		wreg, status,2
 Tracked objects:
		On entry : 
		On exit  : 
		Unchanged: 
 Data sizes:     COMRAM   BANK0   BANK1   BANK2   BANK3   BANK4   BANK5   BANK6   BANK7   BANK8   BANK9  BANK10  BANK11  BANK12  BANK13  BANK14
      Params:         0       0       0       0       0       0       0       0       0       0       0       0       0       0       0       0
      Locals:         0       0       0       0       0       0       0       0       0       0       0       0       0       0       0       0
      Temps:          0       0       0       0       0       0       0       0       0       0       0       0       0       0       0       0
      Totals:         0       0       0       0       0       0       0       0       0       0       0       0       0       0       0       0
Total ram usage:        0 bytes
 Hardware stack levels used:    1
 Hardware stack levels required when called:    4
 This function calls:
		Nothing
 This function is called by:
		_main
 This function uses a non-reentrant model


 *************** function _ConfigureInterrupts *****************
 Defined at:
		line 76 in file "system.c"
 Parameters:    Size  Location     Type
		None
 Auto vars:     Size  Location     Type
		None
 Return value:  Size  Location     Type
		None               void
 Registers used:
		wreg, status,2
 Tracked objects:
		On entry : 
		On exit  : 
		Unchanged: 
 Data sizes:     COMRAM   BANK0   BANK1   BANK2   BANK3   BANK4   BANK5   BANK6   BANK7   BANK8   BANK9  BANK10  BANK11  BANK12  BANK13  BANK14
      Params:         0       0       0       0       0       0       0       0       0       0       0       0       0       0       0       0
      Locals:         0       0       0       0       0       0       0       0       0       0       0       0       0       0       0       0
      Temps:          0       0       0       0       0       0       0       0       0       0       0       0       0       0       0       0
      Totals:         0       0       0       0       0       0       0       0       0       0       0       0       0       0       0       0
Total ram usage:        0 bytes
 Hardware stack levels used:    1
 Hardware stack levels required when called:    4
 This function calls:
		Nothing
 This function is called by:
		_main
 This function uses a non-reentrant model


 *************** function _ConfigureGPIO *****************
 Defined at:
		line 43 in file "system.c"
 Parameters:    Size  Location     Type
		None
 Auto vars:     Size  Location     Type
		None
 Return value:  Size  Location     Type
		None               void
 Registers used:
		wreg, status,2
 Tracked objects:
		On entry : 
		On exit  : 
		Unchanged: 
 Data sizes:     COMRAM   BANK0   BANK1   BANK2   BANK3   BANK4   BANK5   BANK6   BANK7   BANK8   BANK9  BANK10  BANK11  BANK12  BANK13  BANK14
      Params:         0       0       0       0       0       0       0       0       0       0       0       0       0       0       0       0
      Locals:         0       0       0       0       0       0       0       0       0       0       0       0       0       0       0       0
      Temps:          0       0       0       0       0       0       0       0       0       0       0       0       0       0       0       0
      Totals:         0       0       0       0       0       0       0       0       0       0       0       0       0       0       0       0
Total ram usage:        0 bytes
 Hardware stack levels used:    1
 Hardware stack levels required when called:    4
 This function calls:
		Nothing
 This function is called by:
		_main
 This function uses a non-reentrant model


 *************** function _ConfigureCCP *****************
 Defined at:
		line 137 in file "system.c"
 Parameters:    Size  Location     Type
		None
 Auto vars:     Size  Location     Type
		None
 Return value:  Size  Location     Type
		None               void
 Registers used:
		wreg, status,2
 Tracked objects:
		On entry : 
		On exit  : 
		Unchanged: 
 Data sizes:     COMRAM   BANK0   BANK1   BANK2   BANK3   BANK4   BANK5   BANK6   BANK7   BANK8   BANK9  BANK10  BANK11  BANK12  BANK13  BANK14
      Params:         0       0       0       0       0       0       0       0       0       0       0       0       0       0       0       0
      Locals:         0       0       0       0       0       0       0       0       0       0       0       0       0       0       0       0
      Temps:          0       0       0       0       0       0       0       0       0       0       0       0       0       0       0       0
      Totals:         0       0       0       0       0       0       0       0       0       0       0       0       0       0       0       0
Total ram usage:        0 bytes
 Hardware stack levels used:    1
 Hardware stack levels required when called:    4
 This function calls:
		Nothing
 This function is called by:
		_main
 This function uses a non-reentrant model


 *************** function _CANTxFifoInit *****************
 Defined at:
		line 28 in file "Can_HL.c"
 Parameters:    Size  Location     Type
		None
 Auto vars:     Size  Location     Type
		None
 Return value:  Size  Location     Type
		None               void
 Registers used:
		status,2
 Tracked objects:
		On entry : 
		On exit  : 
		Unchanged: 
 Data sizes:     COMRAM   BANK0   BANK1   BANK2   BANK3   BANK4   BANK5   BANK6   BANK7   BANK8   BANK9  BANK10  BANK11  BANK12  BANK13  BANK14
      Params:         0       0       0       0       0       0       0       0       0       0       0       0       0       0       0       0
      Locals:         0       0       0       0       0       0       0       0       0       0       0       0       0       0       0       0
      Temps:          0       1       0       0       0       0       0       0       0       0       0       0       0       0       0       0
      Totals:         0       1       0       0       0       0       0       0       0       0       0       0       0       0       0       0
Total ram usage:        1 bytes
 Hardware stack levels used:    1
 Hardware stack levels required when called:    4
 This function calls:
		Nothing
 This function is called by:
		_main
 This function uses a non-reentrant model


 *************** function _CANRxFifoInit *****************
 Defined at:
		line 36 in file "Can_HL.c"
 Parameters:    Size  Location     Type
		None
 Auto vars:     Size  Location     Type
		None
 Return value:  Size  Location     Type
		None               void
 Registers used:
		status,2
 Tracked objects:
		On entry : 
		On exit  : 
		Unchanged: 
 Data sizes:     COMRAM   BANK0   BANK1   BANK2   BANK3   BANK4   BANK5   BANK6   BANK7   BANK8   BANK9  BANK10  BANK11  BANK12  BANK13  BANK14
      Params:         0       0       0       0       0       0       0       0       0       0       0       0       0       0       0       0
      Locals:         0       0       0       0       0       0       0       0       0       0       0       0       0       0       0       0
      Temps:          0       1       0       0       0       0       0       0       0       0       0       0       0       0       0       0
      Totals:         0       1       0       0       0       0       0       0       0       0       0       0       0       0       0       0
Total ram usage:        1 bytes
 Hardware stack levels used:    1
 Hardware stack levels required when called:    4
 This function calls:
		Nothing
 This function is called by:
		_main
 This function uses a non-reentrant model


 *************** function _low_isr *****************
 Defined at:
		line 73 in file "interrupts.c"
 Parameters:    Size  Location     Type
		None
 Auto vars:     Size  Location     Type
		None
 Return value:  Size  Location     Type
		None               void
 Registers used:
		wreg, status,2, status,0
 Tracked objects:
		On entry : 
		On exit  : 
		Unchanged: 
 Data sizes:     COMRAM   BANK0   BANK1   BANK2   BANK3   BANK4   BANK5   BANK6   BANK7   BANK8   BANK9  BANK10  BANK11  BANK12  BANK13  BANK14
      Params:         0       0       0       0       0       0       0       0       0       0       0       0       0       0       0       0
      Locals:         0       0       0       0       0       0       0       0       0       0       0       0       0       0       0       0
      Temps:         18       0       0       0       0       0       0       0       0       0       0       0       0       0       0       0
      Totals:        18       0       0       0       0       0       0       0       0       0       0       0       0       0       0       0
Total ram usage:       18 bytes
 Hardware stack levels used:    1
 Hardware stack levels required when called:    3
 This function calls:
		Nothing
 This function is called by:
		Interrupt level 1
 This function uses a non-reentrant model


 *************** function _high_isr *****************
 Defined at:
		line 38 in file "interrupts.c"
 Parameters:    Size  Location     Type
		None
 Auto vars:     Size  Location     Type
  CANRxNewMess   14    0[BANK0 ] struct CANRxMsg
 Return value:  Size  Location     Type
		None               void
 Registers used:
		wreg, fsr0l, fsr0h, fsr1l, fsr1h, fsr1l, fsr1h, fsr2l, fsr2h, status,2, status,0, pclat, btemp, btemp+1, btemp+2, btemp+3, btemp+4, btemp+5, btemp+6, btemp+7, btemp+8, btemp+9, btemp+10, btemp+11, tosl, structret, tblptrl, tblptrh, tblptru, prodl, prodh, bsr, cstack
 Tracked objects:
		On entry : 
		On exit  : 
		Unchanged: 
 Data sizes:     COMRAM   BANK0   BANK1   BANK2   BANK3   BANK4   BANK5   BANK6   BANK7   BANK8   BANK9  BANK10  BANK11  BANK12  BANK13  BANK14
      Params:         0       0       0       0       0       0       0       0       0       0       0       0       0       0       0       0
      Locals:         0      14       0       0       0       0       0       0       0       0       0       0       0       0       0       0
      Temps:         14       0       0       0       0       0       0       0       0       0       0       0       0       0       0       0
      Totals:        14      14       0       0       0       0       0       0       0       0       0       0       0       0       0       0
Total ram usage:       28 bytes
 Hardware stack levels used:    1
 Hardware stack levels required when called:    2
 This function calls:
		_ECANReceiveMessage
		_PutCANRxFifo
 This function is called by:
		Interrupt level 2
 This function uses a non-reentrant model


 *************** function _PutCANRxFifo *****************
 Defined at:
		line 96 in file "Can_HL.c"
 Parameters:    Size  Location     Type
  PutMessage     14   18[COMRAM] struct CANRxMsg
 Auto vars:     Size  Location     Type
		None
 Return value:  Size  Location     Type
		None               void
 Registers used:
		wreg, fsr1l, fsr1h, fsr2l, fsr2h, status,2, status,0, prodl, prodh
 Tracked objects:
		On entry : 
		On exit  : 
		Unchanged: 
 Data sizes:     COMRAM   BANK0   BANK1   BANK2   BANK3   BANK4   BANK5   BANK6   BANK7   BANK8   BANK9  BANK10  BANK11  BANK12  BANK13  BANK14
      Params:        14       0       0       0       0       0       0       0       0       0       0       0       0       0       0       0
      Locals:         0       0       0       0       0       0       0       0       0       0       0       0       0       0       0       0
      Temps:          2       0       0       0       0       0       0       0       0       0       0       0       0       0       0       0
      Totals:        16       0       0       0       0       0       0       0       0       0       0       0       0       0       0       0
Total ram usage:       16 bytes
 Hardware stack levels used:    1
 This function calls:
		Nothing
 This function is called by:
		_high_isr
 This function uses a non-reentrant model


 *************** function _ECANReceiveMessage *****************
 Defined at:
		line 796 in file "ECANPoll.c"
 Parameters:    Size  Location     Type
  id              2   27[COMRAM] PTR unsigned long 
		 -> high_isr@CANRxNewMessage(14), 
  data            2   29[COMRAM] PTR unsigned char 
		 -> high_isr@CANRxNewMessage(14), 
  dataLen         2   31[COMRAM] PTR unsigned char 
		 -> high_isr@CANRxNewMessage(14), 
  msgFlags        2   33[COMRAM] PTR enum E19298
		 -> high_isr@CANRxNewMessage(14), 
 Auto vars:     Size  Location     Type
  ptr             2   39[COMRAM] PTR unsigned char 
		 -> RXB1CON(1), RXB0CON(1), 
  savedPtr        2   36[COMRAM] PTR unsigned char 
		 -> RXB1CON(1), RXB0CON(1), 
  temp            1   41[COMRAM] struct .
  i               1   38[COMRAM] unsigned char 
 Return value:  Size  Location     Type
                  1    wreg      enum E18559
 Registers used:
		wreg, fsr1l, fsr1h, fsr2l, fsr2h, status,2, status,0, cstack
 Tracked objects:
		On entry : 
		On exit  : 
		Unchanged: 
 Data sizes:     COMRAM   BANK0   BANK1   BANK2   BANK3   BANK4   BANK5   BANK6   BANK7   BANK8   BANK9  BANK10  BANK11  BANK12  BANK13  BANK14
      Params:         8       0       0       0       0       0       0       0       0       0       0       0       0       0       0       0
      Locals:         6       0       0       0       0       0       0       0       0       0       0       0       0       0       0       0
      Temps:          1       0       0       0       0       0       0       0       0       0       0       0       0       0       0       0
      Totals:        15       0       0       0       0       0       0       0       0       0       0       0       0       0       0       0
Total ram usage:       15 bytes
 Hardware stack levels used:    1
 Hardware stack levels required when called:    1
 This function calls:
		__RegsToCANID
 This function is called by:
		_high_isr
 This function uses a non-reentrant model


 *************** function __RegsToCANID *****************
 Defined at:
		line 1154 in file "ECANPoll.c"
 Parameters:    Size  Location     Type
  ptr             2   18[COMRAM] PTR unsigned char 
		 -> RXB1CON(1), RXB0CON(1), 
  val             2   20[COMRAM] PTR unsigned long 
		 -> high_isr@CANRxNewMessage(14), 
  type            1   22[COMRAM] unsigned char 
 Auto vars:     Size  Location     Type
  Value           2   25[COMRAM] PTR struct _CAN_MESSAGE_
		 -> high_isr@CANRxNewMessage(14), 
 Return value:  Size  Location     Type
		None               void
 Registers used:
		wreg, fsr1l, fsr1h, fsr2l, fsr2h, status,2, status,0
 Tracked objects:
		On entry : 
		On exit  : 
		Unchanged: 
 Data sizes:     COMRAM   BANK0   BANK1   BANK2   BANK3   BANK4   BANK5   BANK6   BANK7   BANK8   BANK9  BANK10  BANK11  BANK12  BANK13  BANK14
      Params:         5       0       0       0       0       0       0       0       0       0       0       0       0       0       0       0
      Locals:         2       0       0       0       0       0       0       0       0       0       0       0       0       0       0       0
      Temps:          2       0       0       0       0       0       0       0       0       0       0       0       0       0       0       0
      Totals:         9       0       0       0       0       0       0       0       0       0       0       0       0       0       0       0
Total ram usage:        9 bytes
 Hardware stack levels used:    1
 This function calls:
		Nothing
 This function is called by:
		_ECANReceiveMessage
 This function uses a non-reentrant model



MODULE INFORMATION

Module		Function		Class		Link	Load	Size
Can_HL.c
		_PutCANTxFifo  		CODE           	0F6C	0000	148
		_GetCANRxFifo  		CODE           	0C4E	0000	220
		_GetCANTxFifo  		CODE           	0B72	0000	220
		_PutCANRxFifo  		CODE           	1000	0000	126
		_CANRxFifoInit 		CODE           	115E	0000	66
		_ECANFiltersIni		CODE           	0EB6	0000	182
		_CANTxFifoInit 		CODE           	111C	0000	66

Can_HL.c estimated size: 1028

shared
		__initializatio		CODE           	1220	0000	48

shared estimated size: 48

main.c
		_main          		CODE           	0126	0000	954

main.c estimated size: 954

system.c
		_GetCanAdress  		CODE           	1284	0000	6
		_SystemTest    		CODE           	128A	0000	4
		_ConfigureTimer		CODE           	11A0	0000	64
		_ConfigureOscil		CODE           	1276	0000	14
		_ConfigureInter		CODE           	107E	0000	80
		_ConfigureCCP  		CODE           	10CE	0000	78
		_ConfigureGPIO 		CODE           	11E0	0000	64

system.c estimated size: 310

interrupts.c
		_high_isr      		CODE           	0008	0000	3758
		_low_isr       		CODE           	0018	0000	266

interrupts.c estimated size: 4024

ECANPoll.c
		_ECANReceiveMes		CODE           	0A0C	0000	358
		__RegsToCANID  		CODE           	0898	0000	372
		_ECANInitialize		CODE           	0D2A	0000	198
		__CANIDToRegs  		CODE           	04E0	0000	480
		_ECANSetOperati		CODE           	1256	0000	32
		_ECANSendMessag		CODE           	06C0	0000	472

ECANPoll.c estimated size: 1912

