Microchip MPLAB XC8 Compiler V1.30 ()

Linker command line:

--edf=C:\Program Files (x86)\Microchip\xc8\v1.30\dat\en_msgs.txt -cs \
  -h+dist/XC8_18F45k80/production\MOTOR_SAM.X.production.sym \
  --cmf=dist/XC8_18F45k80/production\MOTOR_SAM.X.production.cmf -z \
  -Q18F45K80 -oC:\Users\Bruno\AppData\Local\Temp\s5o8.6 \
  -Mdist/XC8_18F45k80/production/MOTOR_SAM.X.production.map -E1 -ver=XC8 \
  -ASTACK=0290h-09ffh -pstack=STACK -ACODE=00h-07FFFh -ACONST=00h-07FFFh \
  -ASMALLCONST=0F00h-0FFFhx113 -AMEDIUMCONST=0F00h-07FFFh -ACOMRAM=01h-05Fh \
  -AABS1=00h-0E40h -ABIGRAM=01h-0E40h \
  -ARAM=060h-0FFh,0100h-01FFhx13,0E00h-0E40h -ABANK0=060h-0FFh \
  -ABANK1=0100h-01FFh -ABANK2=0200h-02FFh -ABANK3=0300h-03FFh \
  -ABANK4=0400h-04FFh -ABANK5=0500h-05FFh -ABANK6=0600h-06FFh \
  -ABANK7=0700h-07FFh -ABANK8=0800h-08FFh -ABANK9=0900h-09FFh \
  -ABANK10=0A00h-0AFFh -ABANK11=0B00h-0BFFh -ABANK12=0C00h-0CFFh \
  -ABANK13=0D00h-0DFFh -ABANK14=0E00h-0E40h \
  -ASFR=0E41h-0EFFh,0F00h-0F5Fh,0F60h-0FFFh \
  -preset_vec=00h,intcode=08h,intcodelo=018h,powerup,init,end_init \
  -pramtop=0F00h -psmallconst=SMALLCONST -pmediumconst=MEDIUMCONST \
  -pconst=CONST -AFARRAM=00h-00h -ACONFIG=0300000h-030000Dh -pconfig=CONFIG \
  -AIDLOC=0200000h-0200007h -pidloc=IDLOC -AEEDATA=0F00000h-0F003FFh \
  -peeprom_data=EEDATA \
  -prdata=COMRAM,nvrram=COMRAM,nvbit=COMRAM,rbss=COMRAM,rbit=COMRAM \
  -pfarbss=FARRAM,fardata=FARRAM,nvFARRAM=FARRAM \
  -pintsave_regs=BIGRAM,bigbss=BIGRAM,bigdata=BIGRAM -pbss=RAM \
  -pidata=CODE,irdata=CODE,ibigdata=CODE,ifardata=CODE \
  C:\Users\Bruno\AppData\Local\Temp\s5o8.obj \
  dist/XC8_18F45k80/production\MOTOR_SAM.X.production.obj 

Object code version is 3.11

Machine type is 18F45K80

Call graph: (short form)




                Name                               Link     Load   Length Selector   Space Scale
C:\Users\Bruno\AppData\Local\Temp\s5o8.obj
                end_init                             BC       BC        4        C       0
                reset_vec                             0        0        4        0       0
                idloc                            200000   200000        8   200000       0
                config                           300000   300000        E   300000       0
dist/XC8_18F45k80/production\MOTOR_SAM.X.production.obj
                intcodelo                            18       18       A4        C       0
                intcode                               8        8        C        4       0
                text20                              29E      29E      174        C       0
                text19                              57A      57A      166        C       0
                text18                              A58      A58       7E        C       0
                intcode_body                        8F8      8F8       B6        C       0
                text15                              C2C      C2C       42        C       0
                text14                              BEA      BEA       42        C       0
                text13                              CCC      CCC       28        C       0
                text12                              AD6      AD6       7A        C       0
                text11                              B50      B50       50        C       0
                text10                              D0E      D0E        E        C       0
                text9                               C9E      C9E       2E        C       0
                text8                               D20      D20        4        C       0
                text7                               CF4      CF4       1A        C       0
                text6                               9AE      9AE       AA        C       0
                text5                               7FE      7FE       FA        C       0
                text4                               BA0      BA0       4A        C       0
                text3                               412      412      168        C       0
                text2                               6E0      6E0      11E        C       0
                text1                               D1C      D1C        4        C       0
                text0                                C0       C0      1DE        C       0
                cstackCOMRAM                          1        1       46        1       1
                cstackBANK0                          A5       A5       10       60       1
                bssBANK2                            200      200       90      200       1
                bssBANK1                            100      100       90      100       1
                bssBANK0                             60       60       45       60       1
                bssCOMRAM                            47       47        3        1       1
                cinit                               C6E      C6E       30        C       0

TOTAL           Name                               Link     Load   Length     Space
        CLASS   STACK          

        CLASS   CODE           
                end_init                             BC       BC        4         0
                intcodelo                            18       18       A4         0
                intcode                               8        8        C         0
                reset_vec                             0        0        4         0
                text20                              29E      29E      174         0
                text19                              57A      57A      166         0
                text18                              A58      A58       7E         0
                intcode_body                        8F8      8F8       B6         0
                text15                              C2C      C2C       42         0
                text14                              BEA      BEA       42         0
                text13                              CCC      CCC       28         0
                text12                              AD6      AD6       7A         0
                text11                              B50      B50       50         0
                text10                              D0E      D0E        E         0
                text9                               C9E      C9E       2E         0
                text8                               D20      D20        4         0
                text7                               CF4      CF4       1A         0
                text6                               9AE      9AE       AA         0
                text5                               7FE      7FE       FA         0
                text4                               BA0      BA0       4A         0
                text3                               412      412      168         0
                text2                               6E0      6E0      11E         0
                text1                               D1C      D1C        4         0
                text0                                C0       C0      1DE         0
                cinit                               C6E      C6E       30         0

        CLASS   CONST          

        CLASS   SMALLCONST     

        CLASS   MEDIUMCONST    

        CLASS   COMRAM         
                cstackCOMRAM                          1        1       46         1
                bssCOMRAM                            47       47        3         1

        CLASS   ABS1           

        CLASS   BIGRAM         

        CLASS   RAM            

        CLASS   BANK0          
                cstackBANK0                          A5       A5       10         1
                bssBANK0                             60       60       45         1

        CLASS   BANK1          
                bssBANK1                            100      100       90         1

        CLASS   BANK2          
                bssBANK2                            200      200       90         1

        CLASS   BANK3          

        CLASS   BANK4          

        CLASS   BANK5          

        CLASS   BANK6          

        CLASS   BANK7          

        CLASS   BANK8          

        CLASS   BANK9          

        CLASS   BANK10         

        CLASS   BANK11         

        CLASS   BANK12         

        CLASS   BANK13         

        CLASS   BANK14         

        CLASS   SFR            

        CLASS   FARRAM         

        CLASS   CONFIG         
                config                           300000   300000        E         0

        CLASS   IDLOC          
                idloc                            200000   200000        8         0

        CLASS   EEDATA         



SEGMENTS        Name                           Load    Length   Top    Selector   Space  Class

                reset_vec                      000000  000004  000004         0       0  CODE    
                cstackCOMRAM                   000001  000049  00004A         1       1  COMRAM  
                intcode                        000008  00000C  000014         4       0  CODE    
                intcodelo                      000018  000D0C  000D24         C       0  CODE    
                bssBANK0                       000060  000055  0000B5        60       1  BANK0   
                bssBANK1                       000100  000090  000190       100       1  BANK1   
                bssBANK2                       000200  000090  000290       200       1  BANK2   
                idloc                          200000  000008  200008    200000       0  IDLOC   
                config                         300000  00000E  30000E    300000       0  CONFIG  


UNUSED ADDRESS RANGES

        Name                Unused          Largest block    Delta
        BANK0            0000B5-0000FF               4B
        BANK1            000190-0001FF               70
        BANK10           000A00-000AFF              100
        BANK11           000B00-000BFF              100
        BANK12           000C00-000CFF              100
        BANK13           000D00-000DFF              100
        BANK14           000E00-000E40               41
        BANK2            000290-0002FF               70
        BANK3            000300-0003FF              100
        BANK4            000400-0004FF              100
        BANK5            000500-0005FF              100
        BANK6            000600-0006FF              100
        BANK7            000700-0007FF              100
        BANK8            000800-0008FF              100
        BANK9            000900-0009FF              100
        BIGRAM           00004A-00005F               16
                         0000B5-0000FF               4B
                         000190-0001FF               70
                         000290-000E40              BB1
        CODE             000004-000007                4
                         000014-000017                4
                         000D24-007FFF             72DC
        COMRAM           00004A-00005F               16
        CONST            000004-000007                4
                         000014-000017                4
                         000D24-007FFF             72DC
        EEDATA           F00000-F003FF              400
        MEDIUMCONST      000F00-007FFF             7100
        RAM              0000B5-0000FF               4B
                         000190-0001FF               70
                         000290-000E40              100
        SFR              000E41-000FFF               BF
        SMALLCONST       000F00-007FFF              100
        STACK            000290-0009FF              770

                                  Symbol Table

?___lwdiv                            cstackBANK0  0000A5
ECANPoll@RXBODBEN                    (abs)        007B02
ECANReceiveMessage@data              cstackCOMRAM 00001E
ECANReceiveMessage@dataLen           cstackCOMRAM 000020
ECANReceiveMessage@i                 cstackCOMRAM 000027
ECANReceiveMessage@id                cstackCOMRAM 00001C
ECANReceiveMessage@msgFlags          cstackCOMRAM 000022
ECANReceiveMessage@ptr               cstackCOMRAM 000028
ECANReceiveMessage@savedPtr          cstackCOMRAM 000025
ECANReceiveMessage@temp              cstackCOMRAM 00002A
GetKeyCode@temp                      cstackBANK0  0000A5
GetThrotle@adc_result                cstackBANK0  0000AD
MotorInitVar@i                       cstackBANK0  0000A6
MotorMeanComputation@LocalPowerValue cstackBANK0  0000AB
MotorMeanComputation@i               cstackBANK0  0000AD
MotorMeanComputation@i_1665          cstackBANK0  0000AC
MotorMeanComputation@value           cstackBANK0  0000A9
PutCANRxFifo@PutMessage              cstackCOMRAM 000013
PutMotorOrder@direction              cstackBANK0  0000A5
PutMotorOrder@temp                   cstackBANK0  0000A7
PutMotorOrder@value                  cstackBANK0  0000A8
_ADCON0bits                          (abs)        000FC2
_ADCON1bits                          (abs)        000FC1
_ADCON2bits                          (abs)        000FC0
_ADRESH                              (abs)        000FC4
_ADRESL                              (abs)        000FC3
_ANCON0                              (abs)        000F5D
_ANCON1                              (abs)        000F5C
_BRGCON1                             (abs)        000E43
_BRGCON2                             (abs)        000E44
_BRGCON3                             (abs)        000E45
_CANCON                              (abs)        000F6F
_CANRxFifo                           bssBANK2     000200
_CANRxFifoInit                       text15       000C2C
_CANSTAT                             (abs)        000F6E
_CANTxFifo                           bssBANK1     000100
_CANTxFifoInit                       text14       000BEA
_CCP2CON                             (abs)        000F50
_CCP2CONbits                         (abs)        000F50
_CCP3CON                             (abs)        000F4D
_CCP3CONbits                         (abs)        000F4D
_CCP4CON                             (abs)        000F4A
_CCP5CON                             (abs)        000F47
_CCPR2L                              (abs)        000F51
_CCPR3L                              (abs)        000F4E
_CCPTMRS                             (abs)        000F99
_CIOCON                              (abs)        000F70
_ConfigureCCP                        text13       000CCC
_ConfigureGPIO                       text12       000AD6
_ConfigureInterrupts                 text11       000B50
_ConfigureOscillator                 text10       000D0E
_ConfigureTimers                     text9        000C9E
_ECANReceiveMessage                  text19       00057A
_GetCanAdress                        text8        000D20
_GetKeyCode                          text7        000CF4
_GetThrotle                          text5        0007FE
_INTCON                              (abs)        000FF2
_INTCON2                             (abs)        000FF1
_INTCON2bits                         (abs)        000FF1
_INTCON3                             (abs)        000FF0
_INTCONbits                          (abs)        000FF2
_IPR1                                (abs)        000F9F
_IPR2                                (abs)        000FA2
_IPR3                                (abs)        000FA5
_IPR4                                (abs)        000FB8
_IPR5                                (abs)        000F78
_IRXIF                               (abs)        007BBF
_LATBbits                            (abs)        000F8A
_LATCbits                            (abs)        000F8B
_LATDbits                            (abs)        000F8C
_LATEbits                            (abs)        000F8D
_LocalCanAdress                      bssCOMRAM    000047
_MDSEL0                              (abs)        007B96
_MDSEL1                              (abs)        007B97
_MotorInitVar                        text4        000BA0
_MotorMeanComputation                text3        000412
_MotorOrder                          bssBANK0     0000A0
_MotorTypeIdentifierAdress           bssCOMRAM    000048
_OSCCONbits                          (abs)        000FD3
_PADCFG1bits                         (abs)        000F56
_PIE1                                (abs)        000F9D
_PIE2                                (abs)        000FA0
_PIE3                                (abs)        000FA3
_PIE4                                (abs)        000FB6
_PIE5                                (abs)        000F76
_PIR1                                (abs)        000F9E
_PIR2                                (abs)        000FA1
_PIR3                                (abs)        000FA4
_PIR4                                (abs)        000FB7
_PIR5                                (abs)        000F77
_PIR5bits                            (abs)        000F77
_PORTB                               (abs)        000F81
_PR2                                 (abs)        000FCB
_PutCANRxFifo                        text18       000A58
_PutMotorOrder                       text2        0006E0
_RCONbits                            (abs)        000FD0
_RXB0CON                             (abs)        000F60
_RXB0FILHIT0                         (abs)        007B00
_RXB0FUL                             (abs)        007B07
_RXB0IF                              (abs)        007BB8
_RXB0OVFL                            (abs)        007B8F
_RXB1CON                             (abs)        000F30
_RXB1FUL                             (abs)        007987
_RXB1IF                              (abs)        007BB9
_RXB1OVFL                            (abs)        007B8E
_RXBODBEN                            (abs)        007B02
_RXF0SIDH                            (abs)        000EE0
_RXF0SIDL                            (abs)        000EE1
_RXF1SIDH                            (abs)        000EE4
_RXF1SIDL                            (abs)        000EE5
_RXF2SIDH                            (abs)        000EE8
_RXF2SIDL                            (abs)        000EE9
_RXF3SIDH                            (abs)        000EEC
_RXF3SIDL                            (abs)        000EED
_RXF4SIDH                            (abs)        000EF0
_RXF4SIDL                            (abs)        000EF1
_RXF5SIDH                            (abs)        000EF4
_RXF5SIDL                            (abs)        000EF5
_RXM0EXIDM                           (abs)        0077CB
_RXM0SIDH                            (abs)        000EF8
_RXM0SIDL                            (abs)        000EF9
_RXM1EXIDEN                          (abs)        0077EB
_RXM1SIDH                            (abs)        000EFC
_RXM1SIDL                            (abs)        000EFD
_SystemTest                          text1        000D1C
_T0CONbits                           (abs)        000FD5
_T2CONbits                           (abs)        000FCA
_TMR0H                               (abs)        000FD7
_TMR0L                               (abs)        000FD6
_TRISA                               (abs)        000F92
_TRISB                               (abs)        000F93
_TRISC                               (abs)        000F94
_TRISD                               (abs)        000F95
_TRISE                               (abs)        000F96
_TXB0CON                             (abs)        000F20
_TXB1CON                             (abs)        000F10
_TXB2CON                             (abs)        000F00
_TempMotorOrdertable                 bssBANK0     000060
_UserOrder                           bssBANK0     0000A2
_WPUB                                (abs)        000F5B
__CFG_BBSIZ$BB2K                     (abs)        000000
__CFG_BOREN$SBORDIS                  (abs)        000000
__CFG_BORPWR$ZPBORMV                 (abs)        000000
__CFG_BORV$3                         (abs)        000000
__CFG_CANMX$PORTB                    (abs)        000000
__CFG_CP0$OFF                        (abs)        000000
__CFG_CP1$OFF                        (abs)        000000
__CFG_CP2$OFF                        (abs)        000000
__CFG_CP3$OFF                        (abs)        000000
__CFG_CPB$OFF                        (abs)        000000
__CFG_CPD$OFF                        (abs)        000000
__CFG_EBTR0$OFF                      (abs)        000000
__CFG_EBTR1$OFF                      (abs)        000000
__CFG_EBTR2$OFF                      (abs)        000000
__CFG_EBTR3$OFF                      (abs)        000000
__CFG_EBTRB$OFF                      (abs)        000000
__CFG_FCMEN$OFF                      (abs)        000000
__CFG_FOSC$HS1                       (abs)        000000
__CFG_IESO$OFF                       (abs)        000000
__CFG_INTOSCSEL$HIGH                 (abs)        000000
__CFG_MCLRE$ON                       (abs)        000000
__CFG_MSSPMSK$MSK7                   (abs)        000000
__CFG_PLLCFG$ON                      (abs)        000000
__CFG_PWRTEN$ON                      (abs)        000000
__CFG_RETEN$ON                       (abs)        000000
__CFG_SOSCSEL$DIG                    (abs)        000000
__CFG_STVREN$ON                      (abs)        000000
__CFG_WDTEN$OFF                      (abs)        000000
__CFG_WDTPS$1048576                  (abs)        000000
__CFG_WRT0$OFF                       (abs)        000000
__CFG_WRT1$OFF                       (abs)        000000
__CFG_WRT2$OFF                       (abs)        000000
__CFG_WRT3$OFF                       (abs)        000000
__CFG_WRTB$OFF                       (abs)        000000
__CFG_WRTC$OFF                       (abs)        000000
__CFG_WRTD$OFF                       (abs)        000000
__CFG_XINST$OFF                      (abs)        000000
__ECANRxFilterHitInfo                bssCOMRAM    000049
__HRAM                               (abs)        000000
__Habs1                              abs1         000000
__Hbank0                             bank0        000000
__Hbank1                             bank1        000000
__Hbank10                            bank10       000000
__Hbank11                            bank11       000000
__Hbank12                            bank12       000000
__Hbank13                            bank13       000000
__Hbank14                            bank14       000000
__Hbank2                             bank2        000000
__Hbank3                             bank3        000000
__Hbank4                             bank4        000000
__Hbank5                             bank5        000000
__Hbank6                             bank6        000000
__Hbank7                             bank7        000000
__Hbank8                             bank8        000000
__Hbank9                             bank9        000000
__Hbigbss                            bigbss       000000
__Hbigdata                           bigdata      000000
__Hbigram                            bigram       000000
__Hbss                               bss          000000
__HbssBANK0                          bssBANK0     000000
__HbssBANK1                          bssBANK1     000000
__HbssBANK2                          bssBANK2     000000
__HbssCOMRAM                         bssCOMRAM    000000
__Hcinit                             cinit        000000
__Hclrtext                           clrtext      000000
__Hcomram                            comram       000000
__Hconfig                            config       30000E
__Hconst                             const        000000
__HcstackBANK0                       cstackBANK0  000000
__HcstackCOMRAM                      cstackCOMRAM 000000
__Hdata                              data         000000
__Heeprom_data                       eeprom_data  000000
__Hend_init                          end_init     0000C0
__Hfarbss                            farbss       000000
__Hfardata                           fardata      000000
__Hibigdata                          ibigdata     000000
__Hidata                             idata        000000
__Hidloc                             idloc        200008
__Hifardata                          ifardata     000000
__Hinit                              init         0000BC
__Hintcode                           intcode      000014
__Hintcode_body                      intcode_body 000000
__Hintcodelo                         intcodelo    0000BC
__Hintentry                          intentry     000000
__Hintret                            intret       000000
__Hintsave_regs                      intsave_regs 000000
__Hirdata                            irdata       000000
__Hmediumconst                       mediumconst  000000
__HnvFARRAM                          nvFARRAM     000000
__Hnvbit                             nvbit        000000
__Hnvrram                            nvrram       000000
__Hparam                             rparam       000000
__Hpowerup                           powerup      0000BC
__Hram                               ram          000000
__Hramtop                            ramtop       000F00
__Hrbit                              rbit         000000
__Hrbss                              rbss         000000
__Hrdata                             rdata        000000
__Hreset_vec                         reset_vec    000004
__Hrparam                            rparam       000000
__Hsfr                               sfr          000000
__Hsmallconst                        smallconst   000000
__Hstack                             stack        000000
__Hstruct                            struct       000000
__Htemp                              temp         000000
__Htext                              text         000000
__Htext0                             text0        000000
__Htext1                             text1        000000
__Htext10                            text10       000000
__Htext11                            text11       000000
__Htext12                            text12       000000
__Htext13                            text13       000000
__Htext14                            text14       000000
__Htext15                            text15       000000
__Htext18                            text18       000000
__Htext19                            text19       000000
__Htext2                             text2        000000
__Htext20                            text20       000000
__Htext3                             text3        000000
__Htext4                             text4        000000
__Htext5                             text5        000000
__Htext6                             text6        000000
__Htext7                             text7        000000
__Htext8                             text8        000000
__Htext9                             text9        000000
__LRAM                               (abs)        000001
__Labs1                              abs1         000000
__Lbank0                             bank0        000000
__Lbank1                             bank1        000000
__Lbank10                            bank10       000000
__Lbank11                            bank11       000000
__Lbank12                            bank12       000000
__Lbank13                            bank13       000000
__Lbank14                            bank14       000000
__Lbank2                             bank2        000000
__Lbank3                             bank3        000000
__Lbank4                             bank4        000000
__Lbank5                             bank5        000000
__Lbank6                             bank6        000000
__Lbank7                             bank7        000000
__Lbank8                             bank8        000000
__Lbank9                             bank9        000000
__Lbigbss                            bigbss       000000
__Lbigdata                           bigdata      000000
__Lbigram                            bigram       000000
__Lbss                               bss          000000
__LbssBANK0                          bssBANK0     000000
__LbssBANK1                          bssBANK1     000000
__LbssBANK2                          bssBANK2     000000
__LbssCOMRAM                         bssCOMRAM    000000
__Lcinit                             cinit        000000
__Lclrtext                           clrtext      000000
__Lcomram                            comram       000000
__Lconfig                            config       300000
__Lconst                             const        000000
__LcstackBANK0                       cstackBANK0  000000
__LcstackCOMRAM                      cstackCOMRAM 000000
__Ldata                              data         000000
__Leeprom_data                       eeprom_data  000000
__Lend_init                          end_init     0000BC
__Lfarbss                            farbss       000000
__Lfardata                           fardata      000000
__Libigdata                          ibigdata     000000
__Lidata                             idata        000000
__Lidloc                             idloc        200000
__Lifardata                          ifardata     000000
__Linit                              init         0000BC
__Lintcode                           intcode      000008
__Lintcode_body                      intcode_body 000000
__Lintcodelo                         intcodelo    000018
__Lintentry                          intentry     000000
__Lintret                            intret       000000
__Lintsave_regs                      intsave_regs 000000
__Lirdata                            irdata       000000
__Lmediumconst                       mediumconst  000000
__LnvFARRAM                          nvFARRAM     000000
__Lnvbit                             nvbit        000000
__Lnvrram                            nvrram       000000
__Lparam                             rparam       000000
__Lpowerup                           powerup      0000BC
__Lram                               ram          000000
__Lramtop                            ramtop       000F00
__Lrbit                              rbit         000000
__Lrbss                              rbss         000000
__Lrdata                             rdata        000000
__Lreset_vec                         reset_vec    000000
__Lrparam                            rparam       000000
__Lsfr                               sfr          000000
__Lsmallconst                        smallconst   000000
__Lstack                             stack        000000
__Lstruct                            struct       000000
__Ltemp                              temp         000000
__Ltext                              text         000000
__Ltext0                             text0        000000
__Ltext1                             text1        000000
__Ltext10                            text10       000000
__Ltext11                            text11       000000
__Ltext12                            text12       000000
__Ltext13                            text13       000000
__Ltext14                            text14       000000
__Ltext15                            text15       000000
__Ltext18                            text18       000000
__Ltext19                            text19       000000
__Ltext2                             text2        000000
__Ltext20                            text20       000000
__Ltext3                             text3        000000
__Ltext4                             text4        000000
__Ltext5                             text5        000000
__Ltext6                             text6        000000
__Ltext7                             text7        000000
__Ltext8                             text8        000000
__Ltext9                             text9        000000
__RegsToCANID                        text20       00029E
__RegsToCANID@Value                  cstackCOMRAM 00001A
__RegsToCANID@ptr                    cstackCOMRAM 000013
__RegsToCANID@type                   cstackCOMRAM 000017
__RegsToCANID@val                    cstackCOMRAM 000015
__S0                                 (abs)        30000E
__S1                                 (abs)        000290
__S2                                 (abs)        000000
___inthi_sp                          stack        000000
___intlo_sp                          stack        000000
___lwdiv                             text6        0009AE
___lwdiv@counter                     cstackBANK0  0000AC
___lwdiv@dividend                    cstackBANK0  0000A5
___lwdiv@divisor                     cstackBANK0  0000A7
___lwdiv@quotient                    cstackBANK0  0000AA
___sp                                stack        000000
__accesstop                          (abs)        000060
__activetblptr                       (abs)        000000
__end_of_CANRxFifoInit               text15       000C6E
__end_of_CANTxFifoInit               text14       000C2C
__end_of_ConfigureCCP                text13       000CF4
__end_of_ConfigureGPIO               text12       000B50
__end_of_ConfigureInterrupts         text11       000BA0
__end_of_ConfigureOscillator         text10       000D1C
__end_of_ConfigureTimers             text9        000CCC
__end_of_ECANReceiveMessage          text19       0006E0
__end_of_GetCanAdress                text8        000D24
__end_of_GetKeyCode                  text7        000D0E
__end_of_GetThrotle                  text5        0008F8
__end_of_MotorInitVar                text4        000BEA
__end_of_MotorMeanComputation        text3        00057A
__end_of_PutCANRxFifo                text18       000AD6
__end_of_PutMotorOrder               text2        0007FE
__end_of_SystemTest                  text1        000D20
__end_of__RegsToCANID                text20       000412
__end_of___lwdiv                     text6        000A58
__end_of__initialization             cinit        000C98
__end_of_high_isr                    intcode_body 0009AE
__end_of_low_isr                     intcodelo    0000BC
__end_of_main                        text0        00029E
__initialization                     cinit        000C6E
__mediumconst                        mediumconst  000000
__pbssBANK0                          bssBANK0     000060
__pbssBANK1                          bssBANK1     000100
__pbssBANK2                          bssBANK2     000200
__pbssCOMRAM                         bssCOMRAM    000047
__pcinit                             cinit        000C6E
__pcstackBANK0                       cstackBANK0  0000A5
__pcstackCOMRAM                      cstackCOMRAM 000001
__pintcode                           intcode      000008
__pintcode_body                      intcode_body 0008F8
__pintcodelo                         intcodelo    000018
__ptext0                             text0        0000C0
__ptext1                             text1        000D1C
__ptext10                            text10       000D0E
__ptext11                            text11       000B50
__ptext12                            text12       000AD6
__ptext13                            text13       000CCC
__ptext14                            text14       000BEA
__ptext15                            text15       000C2C
__ptext18                            text18       000A58
__ptext19                            text19       00057A
__ptext2                             text2        0006E0
__ptext20                            text20       00029E
__ptext3                             text3        000412
__ptext4                             text4        000BA0
__ptext5                             text5        0007FE
__ptext6                             text6        0009AE
__ptext7                             text7        000CF4
__ptext8                             text8        000D20
__ptext9                             text9        000C9E
__ramtop                             ramtop       000F00
__size_of_CANRxFifoInit              (abs)        000000
__size_of_CANTxFifoInit              (abs)        000000
__size_of_ConfigureCCP               (abs)        000000
__size_of_ConfigureGPIO              (abs)        000000
__size_of_ConfigureInterrupts        (abs)        000000
__size_of_ConfigureOscillator        (abs)        000000
__size_of_ConfigureTimers            (abs)        000000
__size_of_ECANReceiveMessage         (abs)        000000
__size_of_GetCanAdress               (abs)        000000
__size_of_GetKeyCode                 (abs)        000000
__size_of_GetThrotle                 (abs)        000000
__size_of_MotorInitVar               (abs)        000000
__size_of_MotorMeanComputation       (abs)        000000
__size_of_PutCANRxFifo               (abs)        000000
__size_of_PutMotorOrder              (abs)        000000
__size_of_SystemTest                 (abs)        000000
__size_of__RegsToCANID               (abs)        000000
__size_of___lwdiv                    (abs)        000000
__size_of_high_isr                   (abs)        000000
__size_of_low_isr                    (abs)        000000
__size_of_main                       (abs)        000000
__smallconst                         smallconst   000000
_high_isr                            intcode      000008
_low_isr                             intcodelo    000018
_main                                text0        0000C0
_msTickCounter                       bssBANK0     0000A4
ecanpoll@RXBODBEN                    (abs)        007B02
end_of_initialization                cinit        000C98
high_isr@CANRxNewMessage             cstackCOMRAM 000039
int_func                             intcode_body 0008F8
intlevel0                            text         000000
intlevel1                            text         000000
intlevel2                            text         000000
intlevel3                            text         000000
main@AutotestResult                  cstackBANK0  0000B2
main@KeyEvent                        cstackBANK0  0000B1
main@OldKeyCode                      cstackBANK0  0000B0
main@OrderLocked                     cstackBANK0  0000B3
main@ThrottlePosition                cstackBANK0  0000B4
stackhi                              (abs)        0009FF
stacklo                              (abs)        000290
start                                init         0000BC
start_initialization                 cinit        000C6E


FUNCTION INFORMATION:

 *************** function _main *****************
 Defined at:
		line 51 in file "main.c"
 Parameters:    Size  Location     Type
		None
 Auto vars:     Size  Location     Type
  TempCANRxMsg   14    0        struct CANRxMsg
  TempCANTxMsg   14    0        struct CANTxMsg
  TempVarInt      2    0        unsigned int 
  ThrottlePosi    1   15[BANK0 ] unsigned char 
  OrderLocked     1   14[BANK0 ] unsigned char 
  AutotestResu    1   13[BANK0 ] unsigned char 
  KeyEvent        1   12[BANK0 ] unsigned char 
  OldKeyCode      1   11[BANK0 ] unsigned char 
  TempVar         1    0        unsigned char 
 Return value:  Size  Location     Type
		None               void
 Registers used:
		wreg, fsr0l, fsr0h, fsr1l, fsr1h, fsr1l, fsr1h, fsr2l, fsr2h, status,2, status,0, pclat, btemp, btemp+1, btemp+2, btemp+3, btemp+4, btemp+5, btemp+6, btemp+7, btemp+8, btemp+9, btemp+10, btemp+11, tosl, structret, tblptrl, tblptrh, tblptru, prodl, prodh, bsr, cstack
 Tracked objects:
		On entry : 
		On exit  : 
		Unchanged: 
 Data sizes:     COMRAM   BANK0   BANK1   BANK2   BANK3   BANK4   BANK5   BANK6   BANK7   BANK8   BANK9  BANK10  BANK11  BANK12  BANK13  BANK14
      Params:         0       0       0       0       0       0       0       0       0       0       0       0       0       0       0       0
      Locals:         0       5       0       0       0       0       0       0       0       0       0       0       0       0       0       0
      Temps:          0       1       0       0       0       0       0       0       0       0       0       0       0       0       0       0
      Totals:         0       6       0       0       0       0       0       0       0       0       0       0       0       0       0       0
Total ram usage:        6 bytes
 Hardware stack levels required when called:    6
 This function calls:
		_CANRxFifoInit
		_CANTxFifoInit
		_ConfigureCCP
		_ConfigureGPIO
		_ConfigureInterrupts
		_ConfigureOscillator
		_ConfigureTimers
		_GetCanAdress
		_GetKeyCode
		_GetThrotle
		_MotorInitVar
		_MotorMeanComputation
		_PutMotorOrder
		_SystemTest
 This function is called by:
		Startup code after reset
 This function uses a non-reentrant model


 *************** function _SystemTest *****************
 Defined at:
		line 210 in file "system.c"
 Parameters:    Size  Location     Type
		None
 Auto vars:     Size  Location     Type
		None
 Return value:  Size  Location     Type
                  1    wreg      unsigned char 
 Registers used:
		wreg
 Tracked objects:
		On entry : 
		On exit  : 
		Unchanged: 
 Data sizes:     COMRAM   BANK0   BANK1   BANK2   BANK3   BANK4   BANK5   BANK6   BANK7   BANK8   BANK9  BANK10  BANK11  BANK12  BANK13  BANK14
      Params:         0       0       0       0       0       0       0       0       0       0       0       0       0       0       0       0
      Locals:         0       0       0       0       0       0       0       0       0       0       0       0       0       0       0       0
      Temps:          0       0       0       0       0       0       0       0       0       0       0       0       0       0       0       0
      Totals:         0       0       0       0       0       0       0       0       0       0       0       0       0       0       0       0
Total ram usage:        0 bytes
 Hardware stack levels used:    1
 Hardware stack levels required when called:    4
 This function calls:
		Nothing
 This function is called by:
		_main
 This function uses a non-reentrant model


 *************** function _PutMotorOrder *****************
 Defined at:
		line 84 in file "motor.c"
 Parameters:    Size  Location     Type
  value           1    wreg     unsigned char 
  direction       1    0[BANK0 ] unsigned char 
 Auto vars:     Size  Location     Type
  value           1    3[BANK0 ] unsigned char 
  temp            1    2[BANK0 ] unsigned char 
 Return value:  Size  Location     Type
		None               void
 Registers used:
		wreg, status,2, status,0
 Tracked objects:
		On entry : 
		On exit  : 
		Unchanged: 
 Data sizes:     COMRAM   BANK0   BANK1   BANK2   BANK3   BANK4   BANK5   BANK6   BANK7   BANK8   BANK9  BANK10  BANK11  BANK12  BANK13  BANK14
      Params:         0       1       0       0       0       0       0       0       0       0       0       0       0       0       0       0
      Locals:         0       2       0       0       0       0       0       0       0       0       0       0       0       0       0       0
      Temps:          0       1       0       0       0       0       0       0       0       0       0       0       0       0       0       0
      Totals:         0       4       0       0       0       0       0       0       0       0       0       0       0       0       0       0
Total ram usage:        4 bytes
 Hardware stack levels used:    1
 Hardware stack levels required when called:    4
 This function calls:
		Nothing
 This function is called by:
		_main
 This function uses a non-reentrant model


 *************** function _MotorMeanComputation *****************
 Defined at:
		line 44 in file "motor.c"
 Parameters:    Size  Location     Type
		None
 Auto vars:     Size  Location     Type
  i               1    7[BANK0 ] unsigned char 
  i               1    8[BANK0 ] unsigned char 
  value           2    4[BANK0 ] unsigned int 
  LocalPowerVa    1    6[BANK0 ] unsigned char 
 Return value:  Size  Location     Type
		None               void
 Registers used:
		wreg, fsr1l, fsr1h, fsr2l, fsr2h, status,2, status,0, prodl, prodh
 Tracked objects:
		On entry : 
		On exit  : 
		Unchanged: 
 Data sizes:     COMRAM   BANK0   BANK1   BANK2   BANK3   BANK4   BANK5   BANK6   BANK7   BANK8   BANK9  BANK10  BANK11  BANK12  BANK13  BANK14
      Params:         0       0       0       0       0       0       0       0       0       0       0       0       0       0       0       0
      Locals:         0       5       0       0       0       0       0       0       0       0       0       0       0       0       0       0
      Temps:          0       4       0       0       0       0       0       0       0       0       0       0       0       0       0       0
      Totals:         0       9       0       0       0       0       0       0       0       0       0       0       0       0       0       0
Total ram usage:        9 bytes
 Hardware stack levels used:    1
 Hardware stack levels required when called:    4
 This function calls:
		Nothing
 This function is called by:
		_main
 This function uses a non-reentrant model


 *************** function _MotorInitVar *****************
 Defined at:
		line 35 in file "motor.c"
 Parameters:    Size  Location     Type
		None
 Auto vars:     Size  Location     Type
  i               1    1[BANK0 ] unsigned char 
 Return value:  Size  Location     Type
		None               void
 Registers used:
		wreg, fsr2l, fsr2h, status,2, status,0, prodl, prodh
 Tracked objects:
		On entry : 
		On exit  : 
		Unchanged: 
 Data sizes:     COMRAM   BANK0   BANK1   BANK2   BANK3   BANK4   BANK5   BANK6   BANK7   BANK8   BANK9  BANK10  BANK11  BANK12  BANK13  BANK14
      Params:         0       0       0       0       0       0       0       0       0       0       0       0       0       0       0       0
      Locals:         0       1       0       0       0       0       0       0       0       0       0       0       0       0       0       0
      Temps:          0       1       0       0       0       0       0       0       0       0       0       0       0       0       0       0
      Totals:         0       2       0       0       0       0       0       0       0       0       0       0       0       0       0       0
Total ram usage:        2 bytes
 Hardware stack levels used:    1
 Hardware stack levels required when called:    4
 This function calls:
		Nothing
 This function is called by:
		_main
 This function uses a non-reentrant model


 *************** function _GetThrotle *****************
 Defined at:
		line 164 in file "system.c"
 Parameters:    Size  Location     Type
		None
 Auto vars:     Size  Location     Type
  adc_result      2    8[BANK0 ] unsigned int 
 Return value:  Size  Location     Type
                  1    wreg      unsigned char 
 Registers used:
		wreg, status,2, status,0, cstack
 Tracked objects:
		On entry : 
		On exit  : 
		Unchanged: 
 Data sizes:     COMRAM   BANK0   BANK1   BANK2   BANK3   BANK4   BANK5   BANK6   BANK7   BANK8   BANK9  BANK10  BANK11  BANK12  BANK13  BANK14
      Params:         0       0       0       0       0       0       0       0       0       0       0       0       0       0       0       0
      Locals:         0       2       0       0       0       0       0       0       0       0       0       0       0       0       0       0
      Temps:          0       0       0       0       0       0       0       0       0       0       0       0       0       0       0       0
      Totals:         0       2       0       0       0       0       0       0       0       0       0       0       0       0       0       0
Total ram usage:        2 bytes
 Hardware stack levels used:    1
 Hardware stack levels required when called:    5
 This function calls:
		___lwdiv
 This function is called by:
		_main
 This function uses a non-reentrant model


 *************** function ___lwdiv *****************
 Defined at:
		line 8 in file "C:\Program Files (x86)\Microchip\xc8\v1.30\sources\common\lwdiv.c"
 Parameters:    Size  Location     Type
  dividend        2    0[BANK0 ] unsigned int 
  divisor         2    2[BANK0 ] unsigned int 
 Auto vars:     Size  Location     Type
  quotient        2    5[BANK0 ] unsigned int 
  counter         1    7[BANK0 ] unsigned char 
 Return value:  Size  Location     Type
                  2    0[BANK0 ] unsigned int 
 Registers used:
		wreg, status,2, status,0
 Tracked objects:
		On entry : 
		On exit  : 
		Unchanged: 
 Data sizes:     COMRAM   BANK0   BANK1   BANK2   BANK3   BANK4   BANK5   BANK6   BANK7   BANK8   BANK9  BANK10  BANK11  BANK12  BANK13  BANK14
      Params:         0       4       0       0       0       0       0       0       0       0       0       0       0       0       0       0
      Locals:         0       3       0       0       0       0       0       0       0       0       0       0       0       0       0       0
      Temps:          0       1       0       0       0       0       0       0       0       0       0       0       0       0       0       0
      Totals:         0       8       0       0       0       0       0       0       0       0       0       0       0       0       0       0
Total ram usage:        8 bytes
 Hardware stack levels used:    1
 Hardware stack levels required when called:    4
 This function calls:
		Nothing
 This function is called by:
		_GetThrotle
 This function uses a non-reentrant model


 *************** function _GetKeyCode *****************
 Defined at:
		line 195 in file "system.c"
 Parameters:    Size  Location     Type
		None
 Auto vars:     Size  Location     Type
  temp            1    0[BANK0 ] unsigned char 
 Return value:  Size  Location     Type
                  1    wreg      unsigned char 
 Registers used:
		wreg, status,2, status,0
 Tracked objects:
		On entry : 
		On exit  : 
		Unchanged: 
 Data sizes:     COMRAM   BANK0   BANK1   BANK2   BANK3   BANK4   BANK5   BANK6   BANK7   BANK8   BANK9  BANK10  BANK11  BANK12  BANK13  BANK14
      Params:         0       0       0       0       0       0       0       0       0       0       0       0       0       0       0       0
      Locals:         0       1       0       0       0       0       0       0       0       0       0       0       0       0       0       0
      Temps:          0       0       0       0       0       0       0       0       0       0       0       0       0       0       0       0
      Totals:         0       1       0       0       0       0       0       0       0       0       0       0       0       0       0       0
Total ram usage:        1 bytes
 Hardware stack levels used:    1
 Hardware stack levels required when called:    4
 This function calls:
		Nothing
 This function is called by:
		_main
 This function uses a non-reentrant model


 *************** function _GetCanAdress *****************
 Defined at:
		line 205 in file "system.c"
 Parameters:    Size  Location     Type
		None
 Auto vars:     Size  Location     Type
		None
 Return value:  Size  Location     Type
                  1    wreg      unsigned char 
 Registers used:
		wreg
 Tracked objects:
		On entry : 
		On exit  : 
		Unchanged: 
 Data sizes:     COMRAM   BANK0   BANK1   BANK2   BANK3   BANK4   BANK5   BANK6   BANK7   BANK8   BANK9  BANK10  BANK11  BANK12  BANK13  BANK14
      Params:         0       0       0       0       0       0       0       0       0       0       0       0       0       0       0       0
      Locals:         0       0       0       0       0       0       0       0       0       0       0       0       0       0       0       0
      Temps:          0       0       0       0       0       0       0       0       0       0       0       0       0       0       0       0
      Totals:         0       0       0       0       0       0       0       0       0       0       0       0       0       0       0       0
Total ram usage:        0 bytes
 Hardware stack levels used:    1
 Hardware stack levels required when called:    4
 This function calls:
		Nothing
 This function is called by:
		_main
 This function uses a non-reentrant model


 *************** function _ConfigureTimers *****************
 Defined at:
		line 125 in file "system.c"
 Parameters:    Size  Location     Type
		None
 Auto vars:     Size  Location     Type
		None
 Return value:  Size  Location     Type
		None               void
 Registers used:
		wreg, status,2
 Tracked objects:
		On entry : 
		On exit  : 
		Unchanged: 
 Data sizes:     COMRAM   BANK0   BANK1   BANK2   BANK3   BANK4   BANK5   BANK6   BANK7   BANK8   BANK9  BANK10  BANK11  BANK12  BANK13  BANK14
      Params:         0       0       0       0       0       0       0       0       0       0       0       0       0       0       0       0
      Locals:         0       0       0       0       0       0       0       0       0       0       0       0       0       0       0       0
      Temps:          0       0       0       0       0       0       0       0       0       0       0       0       0       0       0       0
      Totals:         0       0       0       0       0       0       0       0       0       0       0       0       0       0       0       0
Total ram usage:        0 bytes
 Hardware stack levels used:    1
 Hardware stack levels required when called:    4
 This function calls:
		Nothing
 This function is called by:
		_main
 This function uses a non-reentrant model


 *************** function _ConfigureOscillator *****************
 Defined at:
		line 32 in file "system.c"
 Parameters:    Size  Location     Type
		None
 Auto vars:     Size  Location     Type
		None
 Return value:  Size  Location     Type
		None               void
 Registers used:
		wreg, status,2
 Tracked objects:
		On entry : 
		On exit  : 
		Unchanged: 
 Data sizes:     COMRAM   BANK0   BANK1   BANK2   BANK3   BANK4   BANK5   BANK6   BANK7   BANK8   BANK9  BANK10  BANK11  BANK12  BANK13  BANK14
      Params:         0       0       0       0       0       0       0       0       0       0       0       0       0       0       0       0
      Locals:         0       0       0       0       0       0       0       0       0       0       0       0       0       0       0       0
      Temps:          0       0       0       0       0       0       0       0       0       0       0       0       0       0       0       0
      Totals:         0       0       0       0       0       0       0       0       0       0       0       0       0       0       0       0
Total ram usage:        0 bytes
 Hardware stack levels used:    1
 Hardware stack levels required when called:    4
 This function calls:
		Nothing
 This function is called by:
		_main
 This function uses a non-reentrant model


 *************** function _ConfigureInterrupts *****************
 Defined at:
		line 93 in file "system.c"
 Parameters:    Size  Location     Type
		None
 Auto vars:     Size  Location     Type
		None
 Return value:  Size  Location     Type
		None               void
 Registers used:
		wreg, status,2
 Tracked objects:
		On entry : 
		On exit  : 
		Unchanged: 
 Data sizes:     COMRAM   BANK0   BANK1   BANK2   BANK3   BANK4   BANK5   BANK6   BANK7   BANK8   BANK9  BANK10  BANK11  BANK12  BANK13  BANK14
      Params:         0       0       0       0       0       0       0       0       0       0       0       0       0       0       0       0
      Locals:         0       0       0       0       0       0       0       0       0       0       0       0       0       0       0       0
      Temps:          0       0       0       0       0       0       0       0       0       0       0       0       0       0       0       0
      Totals:         0       0       0       0       0       0       0       0       0       0       0       0       0       0       0       0
Total ram usage:        0 bytes
 Hardware stack levels used:    1
 Hardware stack levels required when called:    4
 This function calls:
		Nothing
 This function is called by:
		_main
 This function uses a non-reentrant model


 *************** function _ConfigureGPIO *****************
 Defined at:
		line 43 in file "system.c"
 Parameters:    Size  Location     Type
		None
 Auto vars:     Size  Location     Type
		None
 Return value:  Size  Location     Type
		None               void
 Registers used:
		wreg, status,2
 Tracked objects:
		On entry : 
		On exit  : 
		Unchanged: 
 Data sizes:     COMRAM   BANK0   BANK1   BANK2   BANK3   BANK4   BANK5   BANK6   BANK7   BANK8   BANK9  BANK10  BANK11  BANK12  BANK13  BANK14
      Params:         0       0       0       0       0       0       0       0       0       0       0       0       0       0       0       0
      Locals:         0       0       0       0       0       0       0       0       0       0       0       0       0       0       0       0
      Temps:          0       0       0       0       0       0       0       0       0       0       0       0       0       0       0       0
      Totals:         0       0       0       0       0       0       0       0       0       0       0       0       0       0       0       0
Total ram usage:        0 bytes
 Hardware stack levels used:    1
 Hardware stack levels required when called:    4
 This function calls:
		Nothing
 This function is called by:
		_main
 This function uses a non-reentrant model


 *************** function _ConfigureCCP *****************
 Defined at:
		line 149 in file "system.c"
 Parameters:    Size  Location     Type
		None
 Auto vars:     Size  Location     Type
		None
 Return value:  Size  Location     Type
		None               void
 Registers used:
		wreg, status,2
 Tracked objects:
		On entry : 
		On exit  : 
		Unchanged: 
 Data sizes:     COMRAM   BANK0   BANK1   BANK2   BANK3   BANK4   BANK5   BANK6   BANK7   BANK8   BANK9  BANK10  BANK11  BANK12  BANK13  BANK14
      Params:         0       0       0       0       0       0       0       0       0       0       0       0       0       0       0       0
      Locals:         0       0       0       0       0       0       0       0       0       0       0       0       0       0       0       0
      Temps:          0       0       0       0       0       0       0       0       0       0       0       0       0       0       0       0
      Totals:         0       0       0       0       0       0       0       0       0       0       0       0       0       0       0       0
Total ram usage:        0 bytes
 Hardware stack levels used:    1
 Hardware stack levels required when called:    4
 This function calls:
		Nothing
 This function is called by:
		_main
 This function uses a non-reentrant model


 *************** function _CANTxFifoInit *****************
 Defined at:
		line 29 in file "Can_HL.c"
 Parameters:    Size  Location     Type
		None
 Auto vars:     Size  Location     Type
		None
 Return value:  Size  Location     Type
		None               void
 Registers used:
		status,2
 Tracked objects:
		On entry : 
		On exit  : 
		Unchanged: 
 Data sizes:     COMRAM   BANK0   BANK1   BANK2   BANK3   BANK4   BANK5   BANK6   BANK7   BANK8   BANK9  BANK10  BANK11  BANK12  BANK13  BANK14
      Params:         0       0       0       0       0       0       0       0       0       0       0       0       0       0       0       0
      Locals:         0       0       0       0       0       0       0       0       0       0       0       0       0       0       0       0
      Temps:          0       1       0       0       0       0       0       0       0       0       0       0       0       0       0       0
      Totals:         0       1       0       0       0       0       0       0       0       0       0       0       0       0       0       0
Total ram usage:        1 bytes
 Hardware stack levels used:    1
 Hardware stack levels required when called:    4
 This function calls:
		Nothing
 This function is called by:
		_main
 This function uses a non-reentrant model


 *************** function _CANRxFifoInit *****************
 Defined at:
		line 37 in file "Can_HL.c"
 Parameters:    Size  Location     Type
		None
 Auto vars:     Size  Location     Type
		None
 Return value:  Size  Location     Type
		None               void
 Registers used:
		status,2
 Tracked objects:
		On entry : 
		On exit  : 
		Unchanged: 
 Data sizes:     COMRAM   BANK0   BANK1   BANK2   BANK3   BANK4   BANK5   BANK6   BANK7   BANK8   BANK9  BANK10  BANK11  BANK12  BANK13  BANK14
      Params:         0       0       0       0       0       0       0       0       0       0       0       0       0       0       0       0
      Locals:         0       0       0       0       0       0       0       0       0       0       0       0       0       0       0       0
      Temps:          0       1       0       0       0       0       0       0       0       0       0       0       0       0       0       0
      Totals:         0       1       0       0       0       0       0       0       0       0       0       0       0       0       0       0
Total ram usage:        1 bytes
 Hardware stack levels used:    1
 Hardware stack levels required when called:    4
 This function calls:
		Nothing
 This function is called by:
		_main
 This function uses a non-reentrant model


 *************** function _low_isr *****************
 Defined at:
		line 69 in file "interrupts.c"
 Parameters:    Size  Location     Type
		None
 Auto vars:     Size  Location     Type
		None
 Return value:  Size  Location     Type
		None               void
 Registers used:
		wreg, status,2
 Tracked objects:
		On entry : 
		On exit  : 
		Unchanged: 
 Data sizes:     COMRAM   BANK0   BANK1   BANK2   BANK3   BANK4   BANK5   BANK6   BANK7   BANK8   BANK9  BANK10  BANK11  BANK12  BANK13  BANK14
      Params:         0       0       0       0       0       0       0       0       0       0       0       0       0       0       0       0
      Locals:         0       0       0       0       0       0       0       0       0       0       0       0       0       0       0       0
      Temps:         18       0       0       0       0       0       0       0       0       0       0       0       0       0       0       0
      Totals:        18       0       0       0       0       0       0       0       0       0       0       0       0       0       0       0
Total ram usage:       18 bytes
 Hardware stack levels used:    1
 Hardware stack levels required when called:    3
 This function calls:
		Nothing
 This function is called by:
		Interrupt level 1
 This function uses a non-reentrant model


 *************** function _high_isr *****************
 Defined at:
		line 34 in file "interrupts.c"
 Parameters:    Size  Location     Type
		None
 Auto vars:     Size  Location     Type
  CANRxNewMess   14   56[COMRAM] struct CANRxMsg
 Return value:  Size  Location     Type
		None               void
 Registers used:
		wreg, fsr0l, fsr0h, fsr1l, fsr1h, fsr1l, fsr1h, fsr2l, fsr2h, status,2, status,0, pclat, btemp, btemp+1, btemp+2, btemp+3, btemp+4, btemp+5, btemp+6, btemp+7, btemp+8, btemp+9, btemp+10, btemp+11, tosl, structret, tblptrl, tblptrh, tblptru, prodl, prodh, bsr, cstack
 Tracked objects:
		On entry : 
		On exit  : 
		Unchanged: 
 Data sizes:     COMRAM   BANK0   BANK1   BANK2   BANK3   BANK4   BANK5   BANK6   BANK7   BANK8   BANK9  BANK10  BANK11  BANK12  BANK13  BANK14
      Params:         0       0       0       0       0       0       0       0       0       0       0       0       0       0       0       0
      Locals:        14       0       0       0       0       0       0       0       0       0       0       0       0       0       0       0
      Temps:         14       0       0       0       0       0       0       0       0       0       0       0       0       0       0       0
      Totals:        28       0       0       0       0       0       0       0       0       0       0       0       0       0       0       0
Total ram usage:       28 bytes
 Hardware stack levels used:    1
 Hardware stack levels required when called:    2
 This function calls:
		_ECANReceiveMessage
		_PutCANRxFifo
 This function is called by:
		Interrupt level 2
 This function uses a non-reentrant model


 *************** function _PutCANRxFifo *****************
 Defined at:
		line 97 in file "Can_HL.c"
 Parameters:    Size  Location     Type
  PutMessage     14   18[COMRAM] struct CANRxMsg
 Auto vars:     Size  Location     Type
		None
 Return value:  Size  Location     Type
		None               void
 Registers used:
		wreg, fsr1l, fsr1h, fsr2l, fsr2h, status,2, status,0, prodl, prodh
 Tracked objects:
		On entry : 
		On exit  : 
		Unchanged: 
 Data sizes:     COMRAM   BANK0   BANK1   BANK2   BANK3   BANK4   BANK5   BANK6   BANK7   BANK8   BANK9  BANK10  BANK11  BANK12  BANK13  BANK14
      Params:        14       0       0       0       0       0       0       0       0       0       0       0       0       0       0       0
      Locals:         0       0       0       0       0       0       0       0       0       0       0       0       0       0       0       0
      Temps:          2       0       0       0       0       0       0       0       0       0       0       0       0       0       0       0
      Totals:        16       0       0       0       0       0       0       0       0       0       0       0       0       0       0       0
Total ram usage:       16 bytes
 Hardware stack levels used:    1
 This function calls:
		Nothing
 This function is called by:
		_high_isr
 This function uses a non-reentrant model


 *************** function _ECANReceiveMessage *****************
 Defined at:
		line 796 in file "ECANPoll.c"
 Parameters:    Size  Location     Type
  id              2   27[COMRAM] PTR unsigned long 
		 -> high_isr@CANRxNewMessage(14), 
  data            2   29[COMRAM] PTR unsigned char 
		 -> high_isr@CANRxNewMessage(14), 
  dataLen         2   31[COMRAM] PTR unsigned char 
		 -> high_isr@CANRxNewMessage(14), 
  msgFlags        2   33[COMRAM] PTR enum E19298
		 -> high_isr@CANRxNewMessage(14), 
 Auto vars:     Size  Location     Type
  ptr             2   39[COMRAM] PTR unsigned char 
		 -> RXB1CON(1), RXB0CON(1), 
  savedPtr        2   36[COMRAM] PTR unsigned char 
		 -> RXB1CON(1), RXB0CON(1), 
  temp            1   41[COMRAM] struct .
  i               1   38[COMRAM] unsigned char 
 Return value:  Size  Location     Type
                  1    wreg      enum E18559
 Registers used:
		wreg, fsr0l, fsr0h, fsr1l, fsr1h, fsr1l, fsr1h, fsr2l, fsr2h, status,2, status,0, pclat, btemp, btemp+1, btemp+2, btemp+3, btemp+4, btemp+5, btemp+6, btemp+7, btemp+8, btemp+9, btemp+10, btemp+11, tosl, structret, tblptrl, tblptrh, tblptru, prodl, prodh, bsr, cstack
 Tracked objects:
		On entry : 
		On exit  : 
		Unchanged: 
 Data sizes:     COMRAM   BANK0   BANK1   BANK2   BANK3   BANK4   BANK5   BANK6   BANK7   BANK8   BANK9  BANK10  BANK11  BANK12  BANK13  BANK14
      Params:         8       0       0       0       0       0       0       0       0       0       0       0       0       0       0       0
      Locals:         6       0       0       0       0       0       0       0       0       0       0       0       0       0       0       0
      Temps:          1       0       0       0       0       0       0       0       0       0       0       0       0       0       0       0
      Totals:        15       0       0       0       0       0       0       0       0       0       0       0       0       0       0       0
Total ram usage:       15 bytes
 Hardware stack levels used:    1
 Hardware stack levels required when called:    1
 This function calls:
		__RegsToCANID
 This function is called by:
		_high_isr
 This function uses a non-reentrant model


 *************** function __RegsToCANID *****************
 Defined at:
		line 1154 in file "ECANPoll.c"
 Parameters:    Size  Location     Type
  ptr             2   18[COMRAM] PTR unsigned char 
		 -> RXB1CON(1), RXB0CON(1), 
  val             2   20[COMRAM] PTR unsigned long 
		 -> high_isr@CANRxNewMessage(14), 
  type            1   22[COMRAM] unsigned char 
 Auto vars:     Size  Location     Type
  Value           2   25[COMRAM] PTR struct _CAN_MESSAGE_
		 -> high_isr@CANRxNewMessage(14), 
 Return value:  Size  Location     Type
		None               void
 Registers used:
		wreg, fsr1l, fsr1h, fsr2l, fsr2h, status,2, status,0
 Tracked objects:
		On entry : 
		On exit  : 
		Unchanged: 
 Data sizes:     COMRAM   BANK0   BANK1   BANK2   BANK3   BANK4   BANK5   BANK6   BANK7   BANK8   BANK9  BANK10  BANK11  BANK12  BANK13  BANK14
      Params:         5       0       0       0       0       0       0       0       0       0       0       0       0       0       0       0
      Locals:         2       0       0       0       0       0       0       0       0       0       0       0       0       0       0       0
      Temps:          2       0       0       0       0       0       0       0       0       0       0       0       0       0       0       0
      Totals:         9       0       0       0       0       0       0       0       0       0       0       0       0       0       0       0
Total ram usage:        9 bytes
 Hardware stack levels used:    1
 This function calls:
		Nothing
 This function is called by:
		_ECANReceiveMessage
 This function uses a non-reentrant model



MODULE INFORMATION

Module		Function		Class		Link	Load	Size
Can_HL.c
		_PutCANRxFifo  		CODE           	0A58	0000	126
		_CANRxFifoInit 		CODE           	0C2C	0000	66
		_CANTxFifoInit 		CODE           	0BEA	0000	66

Can_HL.c estimated size: 258

C:\Program Files (x86)\Microchip\xc8\v1.30\sources\common\lwdiv.c
		___lwdiv       		CODE           	09AE	0000	170

C:\Program Files (x86)\Microchip\xc8\v1.30\sources\common\lwdiv.c estimated size: 170

motor.c
		_MotorMeanCompu		CODE           	0412	0000	360
		_MotorInitVar  		CODE           	0BA0	0000	74
		_PutMotorOrder 		CODE           	06E0	0000	286

motor.c estimated size: 720

shared
		__initializatio		CODE           	0C6E	0000	42

shared estimated size: 42

main.c
		_main          		CODE           	00C0	0000	478

main.c estimated size: 478

system.c
		_GetCanAdress  		CODE           	0D20	0000	4
		_SystemTest    		CODE           	0D1C	0000	4
		_ConfigureTimer		CODE           	0C9E	0000	46
		_ConfigureOscil		CODE           	0D0E	0000	14
		_ConfigureInter		CODE           	0B50	0000	80
		_GetKeyCode    		CODE           	0CF4	0000	26
		_GetThrotle    		CODE           	07FE	0000	250
		_ConfigureCCP  		CODE           	0CCC	0000	40
		_ConfigureGPIO 		CODE           	0AD6	0000	122

system.c estimated size: 586

interrupts.c
		_high_isr      		CODE           	0008	0000	2470
		_low_isr       		CODE           	0018	0000	164

interrupts.c estimated size: 2634

ECANPoll.c
		_ECANReceiveMes		CODE           	057A	0000	358
		__RegsToCANID  		CODE           	029E	0000	372

ECANPoll.c estimated size: 730

